run echo server
listening
run echo client -n 10 --n-conn=2 -v
all done
all done
connecting (10 msg per conn, 10 conns total, 2 max at a time)
connecting (10 msg per conn, 10 conns total, 2 max at a time)
done
first run
read: hello 1
read: hello 1
read: hello 1
read: hello 1
read: hello 1
read: hello 1
read: hello 1
read: hello 1
read: hello 1
read: hello 1
read: hello 1
read: hello 1
read: hello 1
read: hello 1
read: hello 1
read: hello 1
read: hello 1
read: hello 1
read: hello 1
read: hello 1
read: hello 10
read: hello 10
read: hello 10
read: hello 10
read: hello 10
read: hello 10
read: hello 10
read: hello 10
read: hello 10
read: hello 10
read: hello 10
read: hello 10
read: hello 10
read: hello 10
read: hello 10
read: hello 10
read: hello 10
read: hello 10
read: hello 10
read: hello 10
read: hello 2
read: hello 2
read: hello 2
read: hello 2
read: hello 2
read: hello 2
read: hello 2
read: hello 2
read: hello 2
read: hello 2
read: hello 2
read: hello 2
read: hello 2
read: hello 2
read: hello 2
read: hello 2
read: hello 2
read: hello 2
read: hello 2
read: hello 2
read: hello 3
read: hello 3
read: hello 3
read: hello 3
read: hello 3
read: hello 3
read: hello 3
read: hello 3
read: hello 3
read: hello 3
read: hello 3
read: hello 3
read: hello 3
read: hello 3
read: hello 3
read: hello 3
read: hello 3
read: hello 3
read: hello 3
read: hello 3
read: hello 4
read: hello 4
read: hello 4
read: hello 4
read: hello 4
read: hello 4
read: hello 4
read: hello 4
read: hello 4
read: hello 4
read: hello 4
read: hello 4
read: hello 4
read: hello 4
read: hello 4
read: hello 4
read: hello 4
read: hello 4
read: hello 4
read: hello 4
read: hello 5
read: hello 5
read: hello 5
read: hello 5
read: hello 5
read: hello 5
read: hello 5
read: hello 5
read: hello 5
read: hello 5
read: hello 5
read: hello 5
read: hello 5
read: hello 5
read: hello 5
read: hello 5
read: hello 5
read: hello 5
read: hello 5
read: hello 5
read: hello 6
read: hello 6
read: hello 6
read: hello 6
read: hello 6
read: hello 6
read: hello 6
read: hello 6
read: hello 6
read: hello 6
read: hello 6
read: hello 6
read: hello 6
read: hello 6
read: hello 6
read: hello 6
read: hello 6
read: hello 6
read: hello 6
read: hello 6
read: hello 7
read: hello 7
read: hello 7
read: hello 7
read: hello 7
read: hello 7
read: hello 7
read: hello 7
read: hello 7
read: hello 7
read: hello 7
read: hello 7
read: hello 7
read: hello 7
read: hello 7
read: hello 7
read: hello 7
read: hello 7
read: hello 7
read: hello 7
read: hello 8
read: hello 8
read: hello 8
read: hello 8
read: hello 8
read: hello 8
read: hello 8
read: hello 8
read: hello 8
read: hello 8
read: hello 8
read: hello 8
read: hello 8
read: hello 8
read: hello 8
read: hello 8
read: hello 8
read: hello 8
read: hello 8
read: hello 8
read: hello 9
read: hello 9
read: hello 9
read: hello 9
read: hello 9
read: hello 9
read: hello 9
read: hello 9
read: hello 9
read: hello 9
read: hello 9
read: hello 9
read: hello 9
read: hello 9
read: hello 9
read: hello 9
read: hello 9
read: hello 9
read: hello 9
read: hello 9
second run
