run test on pool = ws_pool
tracing complete
spans:
  "child.0.0"
    "child.0.0.99.await_children"
  "child.0.1"
    "child.0.1.99.await_children"
  "child.0.2"
    "child.0.2.99.await_children"
  "child.0.3"
    "child.0.3.99.await_children"
  "child.0.4"
    "child.0.4.99.await_children"
  "child.1.0"
    "child.1.0.99.await_children"
  "child.1.1"
    "child.1.1.99.await_children"
  "child.1.2"
    "child.1.2.99.await_children"
  "child.1.3"
    "child.1.3.99.await_children"
  "child.1.4"
    "child.1.4.99.await_children"
  "child.2.0"
    "child.2.0.99.await_children"
  "child.2.1"
    "child.2.1.99.await_children"
  "child.2.2"
    "child.2.2.99.await_children"
  "child.2.3"
    "child.2.3.99.await_children"
  "child.2.4"
    "child.2.4.99.await_children"
  "child.3.0"
    "child.3.0.99.await_children"
  "child.3.1"
    "child.3.1.99.await_children"
  "child.3.2"
    "child.3.2.99.await_children"
  "child.3.3"
    "child.3.3.99.await_children"
  "child.3.4"
    "child.3.4.99.await_children"
  "child.4.0"
    "child.4.0.99.await_children"
  "child.4.1"
    "child.4.1.99.await_children"
  "child.4.2"
    "child.4.2.99.await_children"
  "child.4.3"
    "child.4.3.99.await_children"
  "child.4.4"
    "child.4.4.99.await_children"
  "child.5.0"
    "child.5.0.99.await_children"
  "child.5.1"
    "child.5.1.99.await_children"
  "child.5.2"
    "child.5.2.99.await_children"
  "child.5.3"
    "child.5.3.99.await_children"
  "child.5.4"
    "child.5.4.99.await_children"
  "child.6.0"
    "child.6.0.99.await_children"
  "child.6.1"
    "child.6.1.99.await_children"
  "child.6.2"
    "child.6.2.99.await_children"
  "child.6.3"
    "child.6.3.99.await_children"
  "child.6.4"
    "child.6.4.99.await_children"
  "child.7.0"
    "child.7.0.99.await_children"
  "child.7.1"
    "child.7.1.99.await_children"
  "child.7.2"
    "child.7.2.99.await_children"
  "child.7.3"
    "child.7.3.99.await_children"
  "child.7.4"
    "child.7.4.99.await_children"
  "child_0.0.0"
    "iter.loop 01"
    "iter.loop 02"
    "iter.loop 03"
    "iter.loop 04"
    "iter.loop 05"
    "iter.loop 06"
    "iter.loop 07"
    "iter.loop 08"
    "iter.loop 09"
    "iter.loop 10"
  "child_0.0.0.0"
    "iter.loop 1"
    "iter.loop 2"
    "iter.loop 3"
    "iter.loop 4"
    "iter.loop 5"
  "child_0.0.0.1"
    "iter.loop 1"
    "iter.loop 2"
    "iter.loop 3"
    "iter.loop 4"
    "iter.loop 5"
  "child_0.0.1"
    "iter.loop 01"
    "iter.loop 02"
    "iter.loop 03"
    "iter.loop 04"
    "iter.loop 05"
    "iter.loop 06"
    "iter.loop 07"
    "iter.loop 08"
    "iter.loop 09"
    "iter.loop 10"
  "child_0.0.1.0"
    "iter.loop 1"
    "iter.loop 2"
    "iter.loop 3"
    "iter.loop 4"
    "iter.loop 5"
  "child_0.0.1.1"
    "iter.loop 1"
    "iter.loop 2"
    "iter.loop 3"
    "iter.loop 4"
    "iter.loop 5"
  "child_0.1.0"
    "iter.loop 01"
    "iter.loop 02"
    "iter.loop 03"
    "iter.loop 04"
    "iter.loop 05"
    "iter.loop 06"
    "iter.loop 07"
    "iter.loop 08"
    "iter.loop 09"
    "iter.loop 10"
  "child_0.1.0.0"
    "iter.loop 1"
    "iter.loop 2"
    "iter.loop 3"
    "iter.loop 4"
    "iter.loop 5"
  "child_0.1.0.1"
    "iter.loop 1"
    "iter.loop 2"
    "iter.loop 3"
    "iter.loop 4"
    "iter.loop 5"
  "child_0.1.1"
    "iter.loop 01"
    "iter.loop 02"
    "iter.loop 03"
    "iter.loop 04"
    "iter.loop 05"
    "iter.loop 06"
    "iter.loop 07"
    "iter.loop 08"
    "iter.loop 09"
    "iter.loop 10"
  "child_0.1.1.0"
    "iter.loop 1"
    "iter.loop 2"
    "iter.loop 3"
    "iter.loop 4"
    "iter.loop 5"
  "child_0.1.1.1"
    "iter.loop 1"
    "iter.loop 2"
    "iter.loop 3"
    "iter.loop 4"
    "iter.loop 5"
  "child_0.2.0"
    "iter.loop 01"
    "iter.loop 02"
    "iter.loop 03"
    "iter.loop 04"
    "iter.loop 05"
    "iter.loop 06"
    "iter.loop 07"
    "iter.loop 08"
    "iter.loop 09"
    "iter.loop 10"
  "child_0.2.0.0"
    "iter.loop 1"
    "iter.loop 2"
    "iter.loop 3"
    "iter.loop 4"
    "iter.loop 5"
  "child_0.2.0.1"
    "iter.loop 1"
    "iter.loop 2"
    "iter.loop 3"
    "iter.loop 4"
    "iter.loop 5"
  "child_0.2.1"
    "iter.loop 01"
    "iter.loop 02"
    "iter.loop 03"
    "iter.loop 04"
    "iter.loop 05"
    "iter.loop 06"
    "iter.loop 07"
    "iter.loop 08"
    "iter.loop 09"
    "iter.loop 10"
  "child_0.2.1.0"
    "iter.loop 1"
    "iter.loop 2"
    "iter.loop 3"
    "iter.loop 4"
    "iter.loop 5"
  "child_0.2.1.1"
    "iter.loop 1"
    "iter.loop 2"
    "iter.loop 3"
    "iter.loop 4"
    "iter.loop 5"
  "child_0.3.0"
    "iter.loop 01"
    "iter.loop 02"
    "iter.loop 03"
    "iter.loop 04"
    "iter.loop 05"
    "iter.loop 06"
    "iter.loop 07"
    "iter.loop 08"
    "iter.loop 09"
    "iter.loop 10"
  "child_0.3.0.0"
    "iter.loop 1"
    "iter.loop 2"
    "iter.loop 3"
    "iter.loop 4"
    "iter.loop 5"
  "child_0.3.0.1"
    "iter.loop 1"
    "iter.loop 2"
    "iter.loop 3"
    "iter.loop 4"
    "iter.loop 5"
  "child_0.3.1"
    "iter.loop 01"
    "iter.loop 02"
    "iter.loop 03"
    "iter.loop 04"
    "iter.loop 05"
    "iter.loop 06"
    "iter.loop 07"
    "iter.loop 08"
    "iter.loop 09"
    "iter.loop 10"
  "child_0.3.1.0"
    "iter.loop 1"
    "iter.loop 2"
    "iter.loop 3"
    "iter.loop 4"
    "iter.loop 5"
  "child_0.3.1.1"
    "iter.loop 1"
    "iter.loop 2"
    "iter.loop 3"
    "iter.loop 4"
    "iter.loop 5"
  "child_0.4.0"
    "iter.loop 01"
    "iter.loop 02"
    "iter.loop 03"
    "iter.loop 04"
    "iter.loop 05"
    "iter.loop 06"
    "iter.loop 07"
    "iter.loop 08"
    "iter.loop 09"
    "iter.loop 10"
  "child_0.4.0.0"
    "iter.loop 1"
    "iter.loop 2"
    "iter.loop 3"
    "iter.loop 4"
    "iter.loop 5"
  "child_0.4.0.1"
    "iter.loop 1"
    "iter.loop 2"
    "iter.loop 3"
    "iter.loop 4"
    "iter.loop 5"
  "child_0.4.1"
    "iter.loop 01"
    "iter.loop 02"
    "iter.loop 03"
    "iter.loop 04"
    "iter.loop 05"
    "iter.loop 06"
    "iter.loop 07"
    "iter.loop 08"
    "iter.loop 09"
    "iter.loop 10"
  "child_0.4.1.0"
    "iter.loop 1"
    "iter.loop 2"
    "iter.loop 3"
    "iter.loop 4"
    "iter.loop 5"
  "child_0.4.1.1"
    "iter.loop 1"
    "iter.loop 2"
    "iter.loop 3"
    "iter.loop 4"
    "iter.loop 5"
  "child_1.0.0"
    "iter.loop 01"
    "iter.loop 02"
    "iter.loop 03"
    "iter.loop 04"
    "iter.loop 05"
    "iter.loop 06"
    "iter.loop 07"
    "iter.loop 08"
    "iter.loop 09"
    "iter.loop 10"
  "child_1.0.0.0"
    "iter.loop 1"
    "iter.loop 2"
    "iter.loop 3"
    "iter.loop 4"
    "iter.loop 5"
  "child_1.0.0.1"
    "iter.loop 1"
    "iter.loop 2"
    "iter.loop 3"
    "iter.loop 4"
    "iter.loop 5"
  "child_1.0.1"
    "iter.loop 01"
    "iter.loop 02"
    "iter.loop 03"
    "iter.loop 04"
    "iter.loop 05"
    "iter.loop 06"
    "iter.loop 07"
    "iter.loop 08"
    "iter.loop 09"
    "iter.loop 10"
  "child_1.0.1.0"
    "iter.loop 1"
    "iter.loop 2"
    "iter.loop 3"
    "iter.loop 4"
    "iter.loop 5"
  "child_1.0.1.1"
    "iter.loop 1"
    "iter.loop 2"
    "iter.loop 3"
    "iter.loop 4"
    "iter.loop 5"
  "child_1.1.0"
    "iter.loop 01"
    "iter.loop 02"
    "iter.loop 03"
    "iter.loop 04"
    "iter.loop 05"
    "iter.loop 06"
    "iter.loop 07"
    "iter.loop 08"
    "iter.loop 09"
    "iter.loop 10"
  "child_1.1.0.0"
    "iter.loop 1"
    "iter.loop 2"
    "iter.loop 3"
    "iter.loop 4"
    "iter.loop 5"
  "child_1.1.0.1"
    "iter.loop 1"
    "iter.loop 2"
    "iter.loop 3"
    "iter.loop 4"
    "iter.loop 5"
  "child_1.1.1"
    "iter.loop 01"
    "iter.loop 02"
    "iter.loop 03"
    "iter.loop 04"
    "iter.loop 05"
    "iter.loop 06"
    "iter.loop 07"
    "iter.loop 08"
    "iter.loop 09"
    "iter.loop 10"
  "child_1.1.1.0"
    "iter.loop 1"
    "iter.loop 2"
    "iter.loop 3"
    "iter.loop 4"
    "iter.loop 5"
  "child_1.1.1.1"
    "iter.loop 1"
    "iter.loop 2"
    "iter.loop 3"
    "iter.loop 4"
    "iter.loop 5"
  "child_1.2.0"
    "iter.loop 01"
    "iter.loop 02"
    "iter.loop 03"
    "iter.loop 04"
    "iter.loop 05"
    "iter.loop 06"
    "iter.loop 07"
    "iter.loop 08"
    "iter.loop 09"
    "iter.loop 10"
  "child_1.2.0.0"
    "iter.loop 1"
    "iter.loop 2"
    "iter.loop 3"
    "iter.loop 4"
    "iter.loop 5"
  "child_1.2.0.1"
    "iter.loop 1"
    "iter.loop 2"
    "iter.loop 3"
    "iter.loop 4"
    "iter.loop 5"
  "child_1.2.1"
    "iter.loop 01"
    "iter.loop 02"
    "iter.loop 03"
    "iter.loop 04"
    "iter.loop 05"
    "iter.loop 06"
    "iter.loop 07"
    "iter.loop 08"
    "iter.loop 09"
    "iter.loop 10"
  "child_1.2.1.0"
    "iter.loop 1"
    "iter.loop 2"
    "iter.loop 3"
    "iter.loop 4"
    "iter.loop 5"
  "child_1.2.1.1"
    "iter.loop 1"
    "iter.loop 2"
    "iter.loop 3"
    "iter.loop 4"
    "iter.loop 5"
  "child_1.3.0"
    "iter.loop 01"
    "iter.loop 02"
    "iter.loop 03"
    "iter.loop 04"
    "iter.loop 05"
    "iter.loop 06"
    "iter.loop 07"
    "iter.loop 08"
    "iter.loop 09"
    "iter.loop 10"
  "child_1.3.0.0"
    "iter.loop 1"
    "iter.loop 2"
    "iter.loop 3"
    "iter.loop 4"
    "iter.loop 5"
  "child_1.3.0.1"
    "iter.loop 1"
    "iter.loop 2"
    "iter.loop 3"
    "iter.loop 4"
    "iter.loop 5"
  "child_1.3.1"
    "iter.loop 01"
    "iter.loop 02"
    "iter.loop 03"
    "iter.loop 04"
    "iter.loop 05"
    "iter.loop 06"
    "iter.loop 07"
    "iter.loop 08"
    "iter.loop 09"
    "iter.loop 10"
  "child_1.3.1.0"
    "iter.loop 1"
    "iter.loop 2"
    "iter.loop 3"
    "iter.loop 4"
    "iter.loop 5"
  "child_1.3.1.1"
    "iter.loop 1"
    "iter.loop 2"
    "iter.loop 3"
    "iter.loop 4"
    "iter.loop 5"
  "child_1.4.0"
    "iter.loop 01"
    "iter.loop 02"
    "iter.loop 03"
    "iter.loop 04"
    "iter.loop 05"
    "iter.loop 06"
    "iter.loop 07"
    "iter.loop 08"
    "iter.loop 09"
    "iter.loop 10"
  "child_1.4.0.0"
    "iter.loop 1"
    "iter.loop 2"
    "iter.loop 3"
    "iter.loop 4"
    "iter.loop 5"
  "child_1.4.0.1"
    "iter.loop 1"
    "iter.loop 2"
    "iter.loop 3"
    "iter.loop 4"
    "iter.loop 5"
  "child_1.4.1"
    "iter.loop 01"
    "iter.loop 02"
    "iter.loop 03"
    "iter.loop 04"
    "iter.loop 05"
    "iter.loop 06"
    "iter.loop 07"
    "iter.loop 08"
    "iter.loop 09"
    "iter.loop 10"
  "child_1.4.1.0"
    "iter.loop 1"
    "iter.loop 2"
    "iter.loop 3"
    "iter.loop 4"
    "iter.loop 5"
  "child_1.4.1.1"
    "iter.loop 1"
    "iter.loop 2"
    "iter.loop 3"
    "iter.loop 4"
    "iter.loop 5"
  "child_2.0.0"
    "iter.loop 01"
    "iter.loop 02"
    "iter.loop 03"
    "iter.loop 04"
    "iter.loop 05"
    "iter.loop 06"
    "iter.loop 07"
    "iter.loop 08"
    "iter.loop 09"
    "iter.loop 10"
  "child_2.0.0.0"
    "iter.loop 1"
    "iter.loop 2"
    "iter.loop 3"
    "iter.loop 4"
    "iter.loop 5"
  "child_2.0.0.1"
    "iter.loop 1"
    "iter.loop 2"
    "iter.loop 3"
    "iter.loop 4"
    "iter.loop 5"
  "child_2.0.1"
    "iter.loop 01"
    "iter.loop 02"
    "iter.loop 03"
    "iter.loop 04"
    "iter.loop 05"
    "iter.loop 06"
    "iter.loop 07"
    "iter.loop 08"
    "iter.loop 09"
    "iter.loop 10"
  "child_2.0.1.0"
    "iter.loop 1"
    "iter.loop 2"
    "iter.loop 3"
    "iter.loop 4"
    "iter.loop 5"
  "child_2.0.1.1"
    "iter.loop 1"
    "iter.loop 2"
    "iter.loop 3"
    "iter.loop 4"
    "iter.loop 5"
  "child_2.1.0"
    "iter.loop 01"
    "iter.loop 02"
    "iter.loop 03"
    "iter.loop 04"
    "iter.loop 05"
    "iter.loop 06"
    "iter.loop 07"
    "iter.loop 08"
    "iter.loop 09"
    "iter.loop 10"
  "child_2.1.0.0"
    "iter.loop 1"
    "iter.loop 2"
    "iter.loop 3"
    "iter.loop 4"
    "iter.loop 5"
  "child_2.1.0.1"
    "iter.loop 1"
    "iter.loop 2"
    "iter.loop 3"
    "iter.loop 4"
    "iter.loop 5"
  "child_2.1.1"
    "iter.loop 01"
    "iter.loop 02"
    "iter.loop 03"
    "iter.loop 04"
    "iter.loop 05"
    "iter.loop 06"
    "iter.loop 07"
    "iter.loop 08"
    "iter.loop 09"
    "iter.loop 10"
  "child_2.1.1.0"
    "iter.loop 1"
    "iter.loop 2"
    "iter.loop 3"
    "iter.loop 4"
    "iter.loop 5"
  "child_2.1.1.1"
    "iter.loop 1"
    "iter.loop 2"
    "iter.loop 3"
    "iter.loop 4"
    "iter.loop 5"
  "child_2.2.0"
    "iter.loop 01"
    "iter.loop 02"
    "iter.loop 03"
    "iter.loop 04"
    "iter.loop 05"
    "iter.loop 06"
    "iter.loop 07"
    "iter.loop 08"
    "iter.loop 09"
    "iter.loop 10"
  "child_2.2.0.0"
    "iter.loop 1"
    "iter.loop 2"
    "iter.loop 3"
    "iter.loop 4"
    "iter.loop 5"
  "child_2.2.0.1"
    "iter.loop 1"
    "iter.loop 2"
    "iter.loop 3"
    "iter.loop 4"
    "iter.loop 5"
  "child_2.2.1"
    "iter.loop 01"
    "iter.loop 02"
    "iter.loop 03"
    "iter.loop 04"
    "iter.loop 05"
    "iter.loop 06"
    "iter.loop 07"
    "iter.loop 08"
    "iter.loop 09"
    "iter.loop 10"
  "child_2.2.1.0"
    "iter.loop 1"
    "iter.loop 2"
    "iter.loop 3"
    "iter.loop 4"
    "iter.loop 5"
  "child_2.2.1.1"
    "iter.loop 1"
    "iter.loop 2"
    "iter.loop 3"
    "iter.loop 4"
    "iter.loop 5"
  "child_2.3.0"
    "iter.loop 01"
    "iter.loop 02"
    "iter.loop 03"
    "iter.loop 04"
    "iter.loop 05"
    "iter.loop 06"
    "iter.loop 07"
    "iter.loop 08"
    "iter.loop 09"
    "iter.loop 10"
  "child_2.3.0.0"
    "iter.loop 1"
    "iter.loop 2"
    "iter.loop 3"
    "iter.loop 4"
    "iter.loop 5"
  "child_2.3.0.1"
    "iter.loop 1"
    "iter.loop 2"
    "iter.loop 3"
    "iter.loop 4"
    "iter.loop 5"
  "child_2.3.1"
    "iter.loop 01"
    "iter.loop 02"
    "iter.loop 03"
    "iter.loop 04"
    "iter.loop 05"
    "iter.loop 06"
    "iter.loop 07"
    "iter.loop 08"
    "iter.loop 09"
    "iter.loop 10"
  "child_2.3.1.0"
    "iter.loop 1"
    "iter.loop 2"
    "iter.loop 3"
    "iter.loop 4"
    "iter.loop 5"
  "child_2.3.1.1"
    "iter.loop 1"
    "iter.loop 2"
    "iter.loop 3"
    "iter.loop 4"
    "iter.loop 5"
  "child_2.4.0"
    "iter.loop 01"
    "iter.loop 02"
    "iter.loop 03"
    "iter.loop 04"
    "iter.loop 05"
    "iter.loop 06"
    "iter.loop 07"
    "iter.loop 08"
    "iter.loop 09"
    "iter.loop 10"
  "child_2.4.0.0"
    "iter.loop 1"
    "iter.loop 2"
    "iter.loop 3"
    "iter.loop 4"
    "iter.loop 5"
  "child_2.4.0.1"
    "iter.loop 1"
    "iter.loop 2"
    "iter.loop 3"
    "iter.loop 4"
    "iter.loop 5"
  "child_2.4.1"
    "iter.loop 01"
    "iter.loop 02"
    "iter.loop 03"
    "iter.loop 04"
    "iter.loop 05"
    "iter.loop 06"
    "iter.loop 07"
    "iter.loop 08"
    "iter.loop 09"
    "iter.loop 10"
  "child_2.4.1.0"
    "iter.loop 1"
    "iter.loop 2"
    "iter.loop 3"
    "iter.loop 4"
    "iter.loop 5"
  "child_2.4.1.1"
    "iter.loop 1"
    "iter.loop 2"
    "iter.loop 3"
    "iter.loop 4"
    "iter.loop 5"
  "child_3.0.0"
    "iter.loop 01"
    "iter.loop 02"
    "iter.loop 03"
    "iter.loop 04"
    "iter.loop 05"
    "iter.loop 06"
    "iter.loop 07"
    "iter.loop 08"
    "iter.loop 09"
    "iter.loop 10"
  "child_3.0.0.0"
    "iter.loop 1"
    "iter.loop 2"
    "iter.loop 3"
    "iter.loop 4"
    "iter.loop 5"
  "child_3.0.0.1"
    "iter.loop 1"
    "iter.loop 2"
    "iter.loop 3"
    "iter.loop 4"
    "iter.loop 5"
  "child_3.0.1"
    "iter.loop 01"
    "iter.loop 02"
    "iter.loop 03"
    "iter.loop 04"
    "iter.loop 05"
    "iter.loop 06"
    "iter.loop 07"
    "iter.loop 08"
    "iter.loop 09"
    "iter.loop 10"
  "child_3.0.1.0"
    "iter.loop 1"
    "iter.loop 2"
    "iter.loop 3"
    "iter.loop 4"
    "iter.loop 5"
  "child_3.0.1.1"
    "iter.loop 1"
    "iter.loop 2"
    "iter.loop 3"
    "iter.loop 4"
    "iter.loop 5"
  "child_3.1.0"
    "iter.loop 01"
    "iter.loop 02"
    "iter.loop 03"
    "iter.loop 04"
    "iter.loop 05"
    "iter.loop 06"
    "iter.loop 07"
    "iter.loop 08"
    "iter.loop 09"
    "iter.loop 10"
  "child_3.1.0.0"
    "iter.loop 1"
    "iter.loop 2"
    "iter.loop 3"
    "iter.loop 4"
    "iter.loop 5"
  "child_3.1.0.1"
    "iter.loop 1"
    "iter.loop 2"
    "iter.loop 3"
    "iter.loop 4"
    "iter.loop 5"
  "child_3.1.1"
    "iter.loop 01"
    "iter.loop 02"
    "iter.loop 03"
    "iter.loop 04"
    "iter.loop 05"
    "iter.loop 06"
    "iter.loop 07"
    "iter.loop 08"
    "iter.loop 09"
    "iter.loop 10"
  "child_3.1.1.0"
    "iter.loop 1"
    "iter.loop 2"
    "iter.loop 3"
    "iter.loop 4"
    "iter.loop 5"
  "child_3.1.1.1"
    "iter.loop 1"
    "iter.loop 2"
    "iter.loop 3"
    "iter.loop 4"
    "iter.loop 5"
  "child_3.2.0"
    "iter.loop 01"
    "iter.loop 02"
    "iter.loop 03"
    "iter.loop 04"
    "iter.loop 05"
    "iter.loop 06"
    "iter.loop 07"
    "iter.loop 08"
    "iter.loop 09"
    "iter.loop 10"
  "child_3.2.0.0"
    "iter.loop 1"
    "iter.loop 2"
    "iter.loop 3"
    "iter.loop 4"
    "iter.loop 5"
  "child_3.2.0.1"
    "iter.loop 1"
    "iter.loop 2"
    "iter.loop 3"
    "iter.loop 4"
    "iter.loop 5"
  "child_3.2.1"
    "iter.loop 01"
    "iter.loop 02"
    "iter.loop 03"
    "iter.loop 04"
    "iter.loop 05"
    "iter.loop 06"
    "iter.loop 07"
    "iter.loop 08"
    "iter.loop 09"
    "iter.loop 10"
  "child_3.2.1.0"
    "iter.loop 1"
    "iter.loop 2"
    "iter.loop 3"
    "iter.loop 4"
    "iter.loop 5"
  "child_3.2.1.1"
    "iter.loop 1"
    "iter.loop 2"
    "iter.loop 3"
    "iter.loop 4"
    "iter.loop 5"
  "child_3.3.0"
    "iter.loop 01"
    "iter.loop 02"
    "iter.loop 03"
    "iter.loop 04"
    "iter.loop 05"
    "iter.loop 06"
    "iter.loop 07"
    "iter.loop 08"
    "iter.loop 09"
    "iter.loop 10"
  "child_3.3.0.0"
    "iter.loop 1"
    "iter.loop 2"
    "iter.loop 3"
    "iter.loop 4"
    "iter.loop 5"
  "child_3.3.0.1"
    "iter.loop 1"
    "iter.loop 2"
    "iter.loop 3"
    "iter.loop 4"
    "iter.loop 5"
  "child_3.3.1"
    "iter.loop 01"
    "iter.loop 02"
    "iter.loop 03"
    "iter.loop 04"
    "iter.loop 05"
    "iter.loop 06"
    "iter.loop 07"
    "iter.loop 08"
    "iter.loop 09"
    "iter.loop 10"
  "child_3.3.1.0"
    "iter.loop 1"
    "iter.loop 2"
    "iter.loop 3"
    "iter.loop 4"
    "iter.loop 5"
  "child_3.3.1.1"
    "iter.loop 1"
    "iter.loop 2"
    "iter.loop 3"
    "iter.loop 4"
    "iter.loop 5"
  "child_3.4.0"
    "iter.loop 01"
    "iter.loop 02"
    "iter.loop 03"
    "iter.loop 04"
    "iter.loop 05"
    "iter.loop 06"
    "iter.loop 07"
    "iter.loop 08"
    "iter.loop 09"
    "iter.loop 10"
  "child_3.4.0.0"
    "iter.loop 1"
    "iter.loop 2"
    "iter.loop 3"
    "iter.loop 4"
    "iter.loop 5"
  "child_3.4.0.1"
    "iter.loop 1"
    "iter.loop 2"
    "iter.loop 3"
    "iter.loop 4"
    "iter.loop 5"
  "child_3.4.1"
    "iter.loop 01"
    "iter.loop 02"
    "iter.loop 03"
    "iter.loop 04"
    "iter.loop 05"
    "iter.loop 06"
    "iter.loop 07"
    "iter.loop 08"
    "iter.loop 09"
    "iter.loop 10"
  "child_3.4.1.0"
    "iter.loop 1"
    "iter.loop 2"
    "iter.loop 3"
    "iter.loop 4"
    "iter.loop 5"
  "child_3.4.1.1"
    "iter.loop 1"
    "iter.loop 2"
    "iter.loop 3"
    "iter.loop 4"
    "iter.loop 5"
  "child_4.0.0"
    "iter.loop 01"
    "iter.loop 02"
    "iter.loop 03"
    "iter.loop 04"
    "iter.loop 05"
    "iter.loop 06"
    "iter.loop 07"
    "iter.loop 08"
    "iter.loop 09"
    "iter.loop 10"
  "child_4.0.0.0"
    "iter.loop 1"
    "iter.loop 2"
    "iter.loop 3"
    "iter.loop 4"
    "iter.loop 5"
  "child_4.0.0.1"
    "iter.loop 1"
    "iter.loop 2"
    "iter.loop 3"
    "iter.loop 4"
    "iter.loop 5"
  "child_4.0.1"
    "iter.loop 01"
    "iter.loop 02"
    "iter.loop 03"
    "iter.loop 04"
    "iter.loop 05"
    "iter.loop 06"
    "iter.loop 07"
    "iter.loop 08"
    "iter.loop 09"
    "iter.loop 10"
  "child_4.0.1.0"
    "iter.loop 1"
    "iter.loop 2"
    "iter.loop 3"
    "iter.loop 4"
    "iter.loop 5"
  "child_4.0.1.1"
    "iter.loop 1"
    "iter.loop 2"
    "iter.loop 3"
    "iter.loop 4"
    "iter.loop 5"
  "child_4.1.0"
    "iter.loop 01"
    "iter.loop 02"
    "iter.loop 03"
    "iter.loop 04"
    "iter.loop 05"
    "iter.loop 06"
    "iter.loop 07"
    "iter.loop 08"
    "iter.loop 09"
    "iter.loop 10"
  "child_4.1.0.0"
    "iter.loop 1"
    "iter.loop 2"
    "iter.loop 3"
    "iter.loop 4"
    "iter.loop 5"
  "child_4.1.0.1"
    "iter.loop 1"
    "iter.loop 2"
    "iter.loop 3"
    "iter.loop 4"
    "iter.loop 5"
  "child_4.1.1"
    "iter.loop 01"
    "iter.loop 02"
    "iter.loop 03"
    "iter.loop 04"
    "iter.loop 05"
    "iter.loop 06"
    "iter.loop 07"
    "iter.loop 08"
    "iter.loop 09"
    "iter.loop 10"
  "child_4.1.1.0"
    "iter.loop 1"
    "iter.loop 2"
    "iter.loop 3"
    "iter.loop 4"
    "iter.loop 5"
  "child_4.1.1.1"
    "iter.loop 1"
    "iter.loop 2"
    "iter.loop 3"
    "iter.loop 4"
    "iter.loop 5"
  "child_4.2.0"
    "iter.loop 01"
    "iter.loop 02"
    "iter.loop 03"
    "iter.loop 04"
    "iter.loop 05"
    "iter.loop 06"
    "iter.loop 07"
    "iter.loop 08"
    "iter.loop 09"
    "iter.loop 10"
  "child_4.2.0.0"
    "iter.loop 1"
    "iter.loop 2"
    "iter.loop 3"
    "iter.loop 4"
    "iter.loop 5"
  "child_4.2.0.1"
    "iter.loop 1"
    "iter.loop 2"
    "iter.loop 3"
    "iter.loop 4"
    "iter.loop 5"
  "child_4.2.1"
    "iter.loop 01"
    "iter.loop 02"
    "iter.loop 03"
    "iter.loop 04"
    "iter.loop 05"
    "iter.loop 06"
    "iter.loop 07"
    "iter.loop 08"
    "iter.loop 09"
    "iter.loop 10"
  "child_4.2.1.0"
    "iter.loop 1"
    "iter.loop 2"
    "iter.loop 3"
    "iter.loop 4"
    "iter.loop 5"
  "child_4.2.1.1"
    "iter.loop 1"
    "iter.loop 2"
    "iter.loop 3"
    "iter.loop 4"
    "iter.loop 5"
  "child_4.3.0"
    "iter.loop 01"
    "iter.loop 02"
    "iter.loop 03"
    "iter.loop 04"
    "iter.loop 05"
    "iter.loop 06"
    "iter.loop 07"
    "iter.loop 08"
    "iter.loop 09"
    "iter.loop 10"
  "child_4.3.0.0"
    "iter.loop 1"
    "iter.loop 2"
    "iter.loop 3"
    "iter.loop 4"
    "iter.loop 5"
  "child_4.3.0.1"
    "iter.loop 1"
    "iter.loop 2"
    "iter.loop 3"
    "iter.loop 4"
    "iter.loop 5"
  "child_4.3.1"
    "iter.loop 01"
    "iter.loop 02"
    "iter.loop 03"
    "iter.loop 04"
    "iter.loop 05"
    "iter.loop 06"
    "iter.loop 07"
    "iter.loop 08"
    "iter.loop 09"
    "iter.loop 10"
  "child_4.3.1.0"
    "iter.loop 1"
    "iter.loop 2"
    "iter.loop 3"
    "iter.loop 4"
    "iter.loop 5"
  "child_4.3.1.1"
    "iter.loop 1"
    "iter.loop 2"
    "iter.loop 3"
    "iter.loop 4"
    "iter.loop 5"
  "child_4.4.0"
    "iter.loop 01"
    "iter.loop 02"
    "iter.loop 03"
    "iter.loop 04"
    "iter.loop 05"
    "iter.loop 06"
    "iter.loop 07"
    "iter.loop 08"
    "iter.loop 09"
    "iter.loop 10"
  "child_4.4.0.0"
    "iter.loop 1"
    "iter.loop 2"
    "iter.loop 3"
    "iter.loop 4"
    "iter.loop 5"
  "child_4.4.0.1"
    "iter.loop 1"
    "iter.loop 2"
    "iter.loop 3"
    "iter.loop 4"
    "iter.loop 5"
  "child_4.4.1"
    "iter.loop 01"
    "iter.loop 02"
    "iter.loop 03"
    "iter.loop 04"
    "iter.loop 05"
    "iter.loop 06"
    "iter.loop 07"
    "iter.loop 08"
    "iter.loop 09"
    "iter.loop 10"
  "child_4.4.1.0"
    "iter.loop 1"
    "iter.loop 2"
    "iter.loop 3"
    "iter.loop 4"
    "iter.loop 5"
  "child_4.4.1.1"
    "iter.loop 1"
    "iter.loop 2"
    "iter.loop 3"
    "iter.loop 4"
    "iter.loop 5"
  "child_5.0.0"
    "iter.loop 01"
    "iter.loop 02"
    "iter.loop 03"
    "iter.loop 04"
    "iter.loop 05"
    "iter.loop 06"
    "iter.loop 07"
    "iter.loop 08"
    "iter.loop 09"
    "iter.loop 10"
  "child_5.0.0.0"
    "iter.loop 1"
    "iter.loop 2"
    "iter.loop 3"
    "iter.loop 4"
    "iter.loop 5"
  "child_5.0.0.1"
    "iter.loop 1"
    "iter.loop 2"
    "iter.loop 3"
    "iter.loop 4"
    "iter.loop 5"
  "child_5.0.1"
    "iter.loop 01"
    "iter.loop 02"
    "iter.loop 03"
    "iter.loop 04"
    "iter.loop 05"
    "iter.loop 06"
    "iter.loop 07"
    "iter.loop 08"
    "iter.loop 09"
    "iter.loop 10"
  "child_5.0.1.0"
    "iter.loop 1"
    "iter.loop 2"
    "iter.loop 3"
    "iter.loop 4"
    "iter.loop 5"
  "child_5.0.1.1"
    "iter.loop 1"
    "iter.loop 2"
    "iter.loop 3"
    "iter.loop 4"
    "iter.loop 5"
  "child_5.1.0"
    "iter.loop 01"
    "iter.loop 02"
    "iter.loop 03"
    "iter.loop 04"
    "iter.loop 05"
    "iter.loop 06"
    "iter.loop 07"
    "iter.loop 08"
    "iter.loop 09"
    "iter.loop 10"
  "child_5.1.0.0"
    "iter.loop 1"
    "iter.loop 2"
    "iter.loop 3"
    "iter.loop 4"
    "iter.loop 5"
  "child_5.1.0.1"
    "iter.loop 1"
    "iter.loop 2"
    "iter.loop 3"
    "iter.loop 4"
    "iter.loop 5"
  "child_5.1.1"
    "iter.loop 01"
    "iter.loop 02"
    "iter.loop 03"
    "iter.loop 04"
    "iter.loop 05"
    "iter.loop 06"
    "iter.loop 07"
    "iter.loop 08"
    "iter.loop 09"
    "iter.loop 10"
  "child_5.1.1.0"
    "iter.loop 1"
    "iter.loop 2"
    "iter.loop 3"
    "iter.loop 4"
    "iter.loop 5"
  "child_5.1.1.1"
    "iter.loop 1"
    "iter.loop 2"
    "iter.loop 3"
    "iter.loop 4"
    "iter.loop 5"
  "child_5.2.0"
    "iter.loop 01"
    "iter.loop 02"
    "iter.loop 03"
    "iter.loop 04"
    "iter.loop 05"
    "iter.loop 06"
    "iter.loop 07"
    "iter.loop 08"
    "iter.loop 09"
    "iter.loop 10"
  "child_5.2.0.0"
    "iter.loop 1"
    "iter.loop 2"
    "iter.loop 3"
    "iter.loop 4"
    "iter.loop 5"
  "child_5.2.0.1"
    "iter.loop 1"
    "iter.loop 2"
    "iter.loop 3"
    "iter.loop 4"
    "iter.loop 5"
  "child_5.2.1"
    "iter.loop 01"
    "iter.loop 02"
    "iter.loop 03"
    "iter.loop 04"
    "iter.loop 05"
    "iter.loop 06"
    "iter.loop 07"
    "iter.loop 08"
    "iter.loop 09"
    "iter.loop 10"
  "child_5.2.1.0"
    "iter.loop 1"
    "iter.loop 2"
    "iter.loop 3"
    "iter.loop 4"
    "iter.loop 5"
  "child_5.2.1.1"
    "iter.loop 1"
    "iter.loop 2"
    "iter.loop 3"
    "iter.loop 4"
    "iter.loop 5"
  "child_5.3.0"
    "iter.loop 01"
    "iter.loop 02"
    "iter.loop 03"
    "iter.loop 04"
    "iter.loop 05"
    "iter.loop 06"
    "iter.loop 07"
    "iter.loop 08"
    "iter.loop 09"
    "iter.loop 10"
  "child_5.3.0.0"
    "iter.loop 1"
    "iter.loop 2"
    "iter.loop 3"
    "iter.loop 4"
    "iter.loop 5"
  "child_5.3.0.1"
    "iter.loop 1"
    "iter.loop 2"
    "iter.loop 3"
    "iter.loop 4"
    "iter.loop 5"
  "child_5.3.1"
    "iter.loop 01"
    "iter.loop 02"
    "iter.loop 03"
    "iter.loop 04"
    "iter.loop 05"
    "iter.loop 06"
    "iter.loop 07"
    "iter.loop 08"
    "iter.loop 09"
    "iter.loop 10"
  "child_5.3.1.0"
    "iter.loop 1"
    "iter.loop 2"
    "iter.loop 3"
    "iter.loop 4"
    "iter.loop 5"
  "child_5.3.1.1"
    "iter.loop 1"
    "iter.loop 2"
    "iter.loop 3"
    "iter.loop 4"
    "iter.loop 5"
  "child_5.4.0"
    "iter.loop 01"
    "iter.loop 02"
    "iter.loop 03"
    "iter.loop 04"
    "iter.loop 05"
    "iter.loop 06"
    "iter.loop 07"
    "iter.loop 08"
    "iter.loop 09"
    "iter.loop 10"
  "child_5.4.0.0"
    "iter.loop 1"
    "iter.loop 2"
    "iter.loop 3"
    "iter.loop 4"
    "iter.loop 5"
  "child_5.4.0.1"
    "iter.loop 1"
    "iter.loop 2"
    "iter.loop 3"
    "iter.loop 4"
    "iter.loop 5"
  "child_5.4.1"
    "iter.loop 01"
    "iter.loop 02"
    "iter.loop 03"
    "iter.loop 04"
    "iter.loop 05"
    "iter.loop 06"
    "iter.loop 07"
    "iter.loop 08"
    "iter.loop 09"
    "iter.loop 10"
  "child_5.4.1.0"
    "iter.loop 1"
    "iter.loop 2"
    "iter.loop 3"
    "iter.loop 4"
    "iter.loop 5"
  "child_5.4.1.1"
    "iter.loop 1"
    "iter.loop 2"
    "iter.loop 3"
    "iter.loop 4"
    "iter.loop 5"
  "child_6.0.0"
    "iter.loop 01"
    "iter.loop 02"
    "iter.loop 03"
    "iter.loop 04"
    "iter.loop 05"
    "iter.loop 06"
    "iter.loop 07"
    "iter.loop 08"
    "iter.loop 09"
    "iter.loop 10"
  "child_6.0.0.0"
    "iter.loop 1"
    "iter.loop 2"
    "iter.loop 3"
    "iter.loop 4"
    "iter.loop 5"
  "child_6.0.0.1"
    "iter.loop 1"
    "iter.loop 2"
    "iter.loop 3"
    "iter.loop 4"
    "iter.loop 5"
  "child_6.0.1"
    "iter.loop 01"
    "iter.loop 02"
    "iter.loop 03"
    "iter.loop 04"
    "iter.loop 05"
    "iter.loop 06"
    "iter.loop 07"
    "iter.loop 08"
    "iter.loop 09"
    "iter.loop 10"
  "child_6.0.1.0"
    "iter.loop 1"
    "iter.loop 2"
    "iter.loop 3"
    "iter.loop 4"
    "iter.loop 5"
  "child_6.0.1.1"
    "iter.loop 1"
    "iter.loop 2"
    "iter.loop 3"
    "iter.loop 4"
    "iter.loop 5"
  "child_6.1.0"
    "iter.loop 01"
    "iter.loop 02"
    "iter.loop 03"
    "iter.loop 04"
    "iter.loop 05"
    "iter.loop 06"
    "iter.loop 07"
    "iter.loop 08"
    "iter.loop 09"
    "iter.loop 10"
  "child_6.1.0.0"
    "iter.loop 1"
    "iter.loop 2"
    "iter.loop 3"
    "iter.loop 4"
    "iter.loop 5"
  "child_6.1.0.1"
    "iter.loop 1"
    "iter.loop 2"
    "iter.loop 3"
    "iter.loop 4"
    "iter.loop 5"
  "child_6.1.1"
    "iter.loop 01"
    "iter.loop 02"
    "iter.loop 03"
    "iter.loop 04"
    "iter.loop 05"
    "iter.loop 06"
    "iter.loop 07"
    "iter.loop 08"
    "iter.loop 09"
    "iter.loop 10"
  "child_6.1.1.0"
    "iter.loop 1"
    "iter.loop 2"
    "iter.loop 3"
    "iter.loop 4"
    "iter.loop 5"
  "child_6.1.1.1"
    "iter.loop 1"
    "iter.loop 2"
    "iter.loop 3"
    "iter.loop 4"
    "iter.loop 5"
  "child_6.2.0"
    "iter.loop 01"
    "iter.loop 02"
    "iter.loop 03"
    "iter.loop 04"
    "iter.loop 05"
    "iter.loop 06"
    "iter.loop 07"
    "iter.loop 08"
    "iter.loop 09"
    "iter.loop 10"
  "child_6.2.0.0"
    "iter.loop 1"
    "iter.loop 2"
    "iter.loop 3"
    "iter.loop 4"
    "iter.loop 5"
  "child_6.2.0.1"
    "iter.loop 1"
    "iter.loop 2"
    "iter.loop 3"
    "iter.loop 4"
    "iter.loop 5"
  "child_6.2.1"
    "iter.loop 01"
    "iter.loop 02"
    "iter.loop 03"
    "iter.loop 04"
    "iter.loop 05"
    "iter.loop 06"
    "iter.loop 07"
    "iter.loop 08"
    "iter.loop 09"
    "iter.loop 10"
  "child_6.2.1.0"
    "iter.loop 1"
    "iter.loop 2"
    "iter.loop 3"
    "iter.loop 4"
    "iter.loop 5"
  "child_6.2.1.1"
    "iter.loop 1"
    "iter.loop 2"
    "iter.loop 3"
    "iter.loop 4"
    "iter.loop 5"
  "child_6.3.0"
    "iter.loop 01"
    "iter.loop 02"
    "iter.loop 03"
    "iter.loop 04"
    "iter.loop 05"
    "iter.loop 06"
    "iter.loop 07"
    "iter.loop 08"
    "iter.loop 09"
    "iter.loop 10"
  "child_6.3.0.0"
    "iter.loop 1"
    "iter.loop 2"
    "iter.loop 3"
    "iter.loop 4"
    "iter.loop 5"
  "child_6.3.0.1"
    "iter.loop 1"
    "iter.loop 2"
    "iter.loop 3"
    "iter.loop 4"
    "iter.loop 5"
  "child_6.3.1"
    "iter.loop 01"
    "iter.loop 02"
    "iter.loop 03"
    "iter.loop 04"
    "iter.loop 05"
    "iter.loop 06"
    "iter.loop 07"
    "iter.loop 08"
    "iter.loop 09"
    "iter.loop 10"
  "child_6.3.1.0"
    "iter.loop 1"
    "iter.loop 2"
    "iter.loop 3"
    "iter.loop 4"
    "iter.loop 5"
  "child_6.3.1.1"
    "iter.loop 1"
    "iter.loop 2"
    "iter.loop 3"
    "iter.loop 4"
    "iter.loop 5"
  "child_6.4.0"
    "iter.loop 01"
    "iter.loop 02"
    "iter.loop 03"
    "iter.loop 04"
    "iter.loop 05"
    "iter.loop 06"
    "iter.loop 07"
    "iter.loop 08"
    "iter.loop 09"
    "iter.loop 10"
  "child_6.4.0.0"
    "iter.loop 1"
    "iter.loop 2"
    "iter.loop 3"
    "iter.loop 4"
    "iter.loop 5"
  "child_6.4.0.1"
    "iter.loop 1"
    "iter.loop 2"
    "iter.loop 3"
    "iter.loop 4"
    "iter.loop 5"
  "child_6.4.1"
    "iter.loop 01"
    "iter.loop 02"
    "iter.loop 03"
    "iter.loop 04"
    "iter.loop 05"
    "iter.loop 06"
    "iter.loop 07"
    "iter.loop 08"
    "iter.loop 09"
    "iter.loop 10"
  "child_6.4.1.0"
    "iter.loop 1"
    "iter.loop 2"
    "iter.loop 3"
    "iter.loop 4"
    "iter.loop 5"
  "child_6.4.1.1"
    "iter.loop 1"
    "iter.loop 2"
    "iter.loop 3"
    "iter.loop 4"
    "iter.loop 5"
  "child_7.0.0"
    "iter.loop 01"
    "iter.loop 02"
    "iter.loop 03"
    "iter.loop 04"
    "iter.loop 05"
    "iter.loop 06"
    "iter.loop 07"
    "iter.loop 08"
    "iter.loop 09"
    "iter.loop 10"
  "child_7.0.0.0"
    "iter.loop 1"
    "iter.loop 2"
    "iter.loop 3"
    "iter.loop 4"
    "iter.loop 5"
  "child_7.0.0.1"
    "iter.loop 1"
    "iter.loop 2"
    "iter.loop 3"
    "iter.loop 4"
    "iter.loop 5"
  "child_7.0.1"
    "iter.loop 01"
    "iter.loop 02"
    "iter.loop 03"
    "iter.loop 04"
    "iter.loop 05"
    "iter.loop 06"
    "iter.loop 07"
    "iter.loop 08"
    "iter.loop 09"
    "iter.loop 10"
  "child_7.0.1.0"
    "iter.loop 1"
    "iter.loop 2"
    "iter.loop 3"
    "iter.loop 4"
    "iter.loop 5"
  "child_7.0.1.1"
    "iter.loop 1"
    "iter.loop 2"
    "iter.loop 3"
    "iter.loop 4"
    "iter.loop 5"
  "child_7.1.0"
    "iter.loop 01"
    "iter.loop 02"
    "iter.loop 03"
    "iter.loop 04"
    "iter.loop 05"
    "iter.loop 06"
    "iter.loop 07"
    "iter.loop 08"
    "iter.loop 09"
    "iter.loop 10"
  "child_7.1.0.0"
    "iter.loop 1"
    "iter.loop 2"
    "iter.loop 3"
    "iter.loop 4"
    "iter.loop 5"
  "child_7.1.0.1"
    "iter.loop 1"
    "iter.loop 2"
    "iter.loop 3"
    "iter.loop 4"
    "iter.loop 5"
  "child_7.1.1"
    "iter.loop 01"
    "iter.loop 02"
    "iter.loop 03"
    "iter.loop 04"
    "iter.loop 05"
    "iter.loop 06"
    "iter.loop 07"
    "iter.loop 08"
    "iter.loop 09"
    "iter.loop 10"
  "child_7.1.1.0"
    "iter.loop 1"
    "iter.loop 2"
    "iter.loop 3"
    "iter.loop 4"
    "iter.loop 5"
  "child_7.1.1.1"
    "iter.loop 1"
    "iter.loop 2"
    "iter.loop 3"
    "iter.loop 4"
    "iter.loop 5"
  "child_7.2.0"
    "iter.loop 01"
    "iter.loop 02"
    "iter.loop 03"
    "iter.loop 04"
    "iter.loop 05"
    "iter.loop 06"
    "iter.loop 07"
    "iter.loop 08"
    "iter.loop 09"
    "iter.loop 10"
  "child_7.2.0.0"
    "iter.loop 1"
    "iter.loop 2"
    "iter.loop 3"
    "iter.loop 4"
    "iter.loop 5"
  "child_7.2.0.1"
    "iter.loop 1"
    "iter.loop 2"
    "iter.loop 3"
    "iter.loop 4"
    "iter.loop 5"
  "child_7.2.1"
    "iter.loop 01"
    "iter.loop 02"
    "iter.loop 03"
    "iter.loop 04"
    "iter.loop 05"
    "iter.loop 06"
    "iter.loop 07"
    "iter.loop 08"
    "iter.loop 09"
    "iter.loop 10"
  "child_7.2.1.0"
    "iter.loop 1"
    "iter.loop 2"
    "iter.loop 3"
    "iter.loop 4"
    "iter.loop 5"
  "child_7.2.1.1"
    "iter.loop 1"
    "iter.loop 2"
    "iter.loop 3"
    "iter.loop 4"
    "iter.loop 5"
  "child_7.3.0"
    "iter.loop 01"
    "iter.loop 02"
    "iter.loop 03"
    "iter.loop 04"
    "iter.loop 05"
    "iter.loop 06"
    "iter.loop 07"
    "iter.loop 08"
    "iter.loop 09"
    "iter.loop 10"
  "child_7.3.0.0"
    "iter.loop 1"
    "iter.loop 2"
    "iter.loop 3"
    "iter.loop 4"
    "iter.loop 5"
  "child_7.3.0.1"
    "iter.loop 1"
    "iter.loop 2"
    "iter.loop 3"
    "iter.loop 4"
    "iter.loop 5"
  "child_7.3.1"
    "iter.loop 01"
    "iter.loop 02"
    "iter.loop 03"
    "iter.loop 04"
    "iter.loop 05"
    "iter.loop 06"
    "iter.loop 07"
    "iter.loop 08"
    "iter.loop 09"
    "iter.loop 10"
  "child_7.3.1.0"
    "iter.loop 1"
    "iter.loop 2"
    "iter.loop 3"
    "iter.loop 4"
    "iter.loop 5"
  "child_7.3.1.1"
    "iter.loop 1"
    "iter.loop 2"
    "iter.loop 3"
    "iter.loop 4"
    "iter.loop 5"
  "child_7.4.0"
    "iter.loop 01"
    "iter.loop 02"
    "iter.loop 03"
    "iter.loop 04"
    "iter.loop 05"
    "iter.loop 06"
    "iter.loop 07"
    "iter.loop 08"
    "iter.loop 09"
    "iter.loop 10"
  "child_7.4.0.0"
    "iter.loop 1"
    "iter.loop 2"
    "iter.loop 3"
    "iter.loop 4"
    "iter.loop 5"
  "child_7.4.0.1"
    "iter.loop 1"
    "iter.loop 2"
    "iter.loop 3"
    "iter.loop 4"
    "iter.loop 5"
  "child_7.4.1"
    "iter.loop 01"
    "iter.loop 02"
    "iter.loop 03"
    "iter.loop 04"
    "iter.loop 05"
    "iter.loop 06"
    "iter.loop 07"
    "iter.loop 08"
    "iter.loop 09"
    "iter.loop 10"
  "child_7.4.1.0"
    "iter.loop 1"
    "iter.loop 2"
    "iter.loop 3"
    "iter.loop 4"
    "iter.loop 5"
  "child_7.4.1.1"
    "iter.loop 1"
    "iter.loop 2"
    "iter.loop 3"
    "iter.loop 4"
    "iter.loop 5"
  "top_0"
  "top_1"
  "top_2"
  "top_3"
  "top_4"
  "top_5"
  "top_6"
  "top_7"
done
run test on pool = fifo_pool
tracing complete
spans:
  "child.0.0"
    "child.0.0.99.await_children"
  "child.0.1"
    "child.0.1.99.await_children"
  "child.0.2"
    "child.0.2.99.await_children"
  "child.0.3"
    "child.0.3.99.await_children"
  "child.0.4"
    "child.0.4.99.await_children"
  "child.1.0"
    "child.1.0.99.await_children"
  "child.1.1"
    "child.1.1.99.await_children"
  "child.1.2"
    "child.1.2.99.await_children"
  "child.1.3"
    "child.1.3.99.await_children"
  "child.1.4"
    "child.1.4.99.await_children"
  "child.2.0"
    "child.2.0.99.await_children"
  "child.2.1"
    "child.2.1.99.await_children"
  "child.2.2"
    "child.2.2.99.await_children"
  "child.2.3"
    "child.2.3.99.await_children"
  "child.2.4"
    "child.2.4.99.await_children"
  "child.3.0"
    "child.3.0.99.await_children"
  "child.3.1"
    "child.3.1.99.await_children"
  "child.3.2"
    "child.3.2.99.await_children"
  "child.3.3"
    "child.3.3.99.await_children"
  "child.3.4"
    "child.3.4.99.await_children"
  "child.4.0"
    "child.4.0.99.await_children"
  "child.4.1"
    "child.4.1.99.await_children"
  "child.4.2"
    "child.4.2.99.await_children"
  "child.4.3"
    "child.4.3.99.await_children"
  "child.4.4"
    "child.4.4.99.await_children"
  "child.5.0"
    "child.5.0.99.await_children"
  "child.5.1"
    "child.5.1.99.await_children"
  "child.5.2"
    "child.5.2.99.await_children"
  "child.5.3"
    "child.5.3.99.await_children"
  "child.5.4"
    "child.5.4.99.await_children"
  "child.6.0"
    "child.6.0.99.await_children"
  "child.6.1"
    "child.6.1.99.await_children"
  "child.6.2"
    "child.6.2.99.await_children"
  "child.6.3"
    "child.6.3.99.await_children"
  "child.6.4"
    "child.6.4.99.await_children"
  "child.7.0"
    "child.7.0.99.await_children"
  "child.7.1"
    "child.7.1.99.await_children"
  "child.7.2"
    "child.7.2.99.await_children"
  "child.7.3"
    "child.7.3.99.await_children"
  "child.7.4"
    "child.7.4.99.await_children"
  "child_0.0.0"
    "iter.loop 01"
    "iter.loop 02"
    "iter.loop 03"
    "iter.loop 04"
    "iter.loop 05"
    "iter.loop 06"
    "iter.loop 07"
    "iter.loop 08"
    "iter.loop 09"
    "iter.loop 10"
  "child_0.0.0.0"
    "iter.loop 1"
    "iter.loop 2"
    "iter.loop 3"
    "iter.loop 4"
    "iter.loop 5"
  "child_0.0.0.1"
    "iter.loop 1"
    "iter.loop 2"
    "iter.loop 3"
    "iter.loop 4"
    "iter.loop 5"
  "child_0.0.1"
    "iter.loop 01"
    "iter.loop 02"
    "iter.loop 03"
    "iter.loop 04"
    "iter.loop 05"
    "iter.loop 06"
    "iter.loop 07"
    "iter.loop 08"
    "iter.loop 09"
    "iter.loop 10"
  "child_0.0.1.0"
    "iter.loop 1"
    "iter.loop 2"
    "iter.loop 3"
    "iter.loop 4"
    "iter.loop 5"
  "child_0.0.1.1"
    "iter.loop 1"
    "iter.loop 2"
    "iter.loop 3"
    "iter.loop 4"
    "iter.loop 5"
  "child_0.1.0"
    "iter.loop 01"
    "iter.loop 02"
    "iter.loop 03"
    "iter.loop 04"
    "iter.loop 05"
    "iter.loop 06"
    "iter.loop 07"
    "iter.loop 08"
    "iter.loop 09"
    "iter.loop 10"
  "child_0.1.0.0"
    "iter.loop 1"
    "iter.loop 2"
    "iter.loop 3"
    "iter.loop 4"
    "iter.loop 5"
  "child_0.1.0.1"
    "iter.loop 1"
    "iter.loop 2"
    "iter.loop 3"
    "iter.loop 4"
    "iter.loop 5"
  "child_0.1.1"
    "iter.loop 01"
    "iter.loop 02"
    "iter.loop 03"
    "iter.loop 04"
    "iter.loop 05"
    "iter.loop 06"
    "iter.loop 07"
    "iter.loop 08"
    "iter.loop 09"
    "iter.loop 10"
  "child_0.1.1.0"
    "iter.loop 1"
    "iter.loop 2"
    "iter.loop 3"
    "iter.loop 4"
    "iter.loop 5"
  "child_0.1.1.1"
    "iter.loop 1"
    "iter.loop 2"
    "iter.loop 3"
    "iter.loop 4"
    "iter.loop 5"
  "child_0.2.0"
    "iter.loop 01"
    "iter.loop 02"
    "iter.loop 03"
    "iter.loop 04"
    "iter.loop 05"
    "iter.loop 06"
    "iter.loop 07"
    "iter.loop 08"
    "iter.loop 09"
    "iter.loop 10"
  "child_0.2.0.0"
    "iter.loop 1"
    "iter.loop 2"
    "iter.loop 3"
    "iter.loop 4"
    "iter.loop 5"
  "child_0.2.0.1"
    "iter.loop 1"
    "iter.loop 2"
    "iter.loop 3"
    "iter.loop 4"
    "iter.loop 5"
  "child_0.2.1"
    "iter.loop 01"
    "iter.loop 02"
    "iter.loop 03"
    "iter.loop 04"
    "iter.loop 05"
    "iter.loop 06"
    "iter.loop 07"
    "iter.loop 08"
    "iter.loop 09"
    "iter.loop 10"
  "child_0.2.1.0"
    "iter.loop 1"
    "iter.loop 2"
    "iter.loop 3"
    "iter.loop 4"
    "iter.loop 5"
  "child_0.2.1.1"
    "iter.loop 1"
    "iter.loop 2"
    "iter.loop 3"
    "iter.loop 4"
    "iter.loop 5"
  "child_0.3.0"
    "iter.loop 01"
    "iter.loop 02"
    "iter.loop 03"
    "iter.loop 04"
    "iter.loop 05"
    "iter.loop 06"
    "iter.loop 07"
    "iter.loop 08"
    "iter.loop 09"
    "iter.loop 10"
  "child_0.3.0.0"
    "iter.loop 1"
    "iter.loop 2"
    "iter.loop 3"
    "iter.loop 4"
    "iter.loop 5"
  "child_0.3.0.1"
    "iter.loop 1"
    "iter.loop 2"
    "iter.loop 3"
    "iter.loop 4"
    "iter.loop 5"
  "child_0.3.1"
    "iter.loop 01"
    "iter.loop 02"
    "iter.loop 03"
    "iter.loop 04"
    "iter.loop 05"
    "iter.loop 06"
    "iter.loop 07"
    "iter.loop 08"
    "iter.loop 09"
    "iter.loop 10"
  "child_0.3.1.0"
    "iter.loop 1"
    "iter.loop 2"
    "iter.loop 3"
    "iter.loop 4"
    "iter.loop 5"
  "child_0.3.1.1"
    "iter.loop 1"
    "iter.loop 2"
    "iter.loop 3"
    "iter.loop 4"
    "iter.loop 5"
  "child_0.4.0"
    "iter.loop 01"
    "iter.loop 02"
    "iter.loop 03"
    "iter.loop 04"
    "iter.loop 05"
    "iter.loop 06"
    "iter.loop 07"
    "iter.loop 08"
    "iter.loop 09"
    "iter.loop 10"
  "child_0.4.0.0"
    "iter.loop 1"
    "iter.loop 2"
    "iter.loop 3"
    "iter.loop 4"
    "iter.loop 5"
  "child_0.4.0.1"
    "iter.loop 1"
    "iter.loop 2"
    "iter.loop 3"
    "iter.loop 4"
    "iter.loop 5"
  "child_0.4.1"
    "iter.loop 01"
    "iter.loop 02"
    "iter.loop 03"
    "iter.loop 04"
    "iter.loop 05"
    "iter.loop 06"
    "iter.loop 07"
    "iter.loop 08"
    "iter.loop 09"
    "iter.loop 10"
  "child_0.4.1.0"
    "iter.loop 1"
    "iter.loop 2"
    "iter.loop 3"
    "iter.loop 4"
    "iter.loop 5"
  "child_0.4.1.1"
    "iter.loop 1"
    "iter.loop 2"
    "iter.loop 3"
    "iter.loop 4"
    "iter.loop 5"
  "child_1.0.0"
    "iter.loop 01"
    "iter.loop 02"
    "iter.loop 03"
    "iter.loop 04"
    "iter.loop 05"
    "iter.loop 06"
    "iter.loop 07"
    "iter.loop 08"
    "iter.loop 09"
    "iter.loop 10"
  "child_1.0.0.0"
    "iter.loop 1"
    "iter.loop 2"
    "iter.loop 3"
    "iter.loop 4"
    "iter.loop 5"
  "child_1.0.0.1"
    "iter.loop 1"
    "iter.loop 2"
    "iter.loop 3"
    "iter.loop 4"
    "iter.loop 5"
  "child_1.0.1"
    "iter.loop 01"
    "iter.loop 02"
    "iter.loop 03"
    "iter.loop 04"
    "iter.loop 05"
    "iter.loop 06"
    "iter.loop 07"
    "iter.loop 08"
    "iter.loop 09"
    "iter.loop 10"
  "child_1.0.1.0"
    "iter.loop 1"
    "iter.loop 2"
    "iter.loop 3"
    "iter.loop 4"
    "iter.loop 5"
  "child_1.0.1.1"
    "iter.loop 1"
    "iter.loop 2"
    "iter.loop 3"
    "iter.loop 4"
    "iter.loop 5"
  "child_1.1.0"
    "iter.loop 01"
    "iter.loop 02"
    "iter.loop 03"
    "iter.loop 04"
    "iter.loop 05"
    "iter.loop 06"
    "iter.loop 07"
    "iter.loop 08"
    "iter.loop 09"
    "iter.loop 10"
  "child_1.1.0.0"
    "iter.loop 1"
    "iter.loop 2"
    "iter.loop 3"
    "iter.loop 4"
    "iter.loop 5"
  "child_1.1.0.1"
    "iter.loop 1"
    "iter.loop 2"
    "iter.loop 3"
    "iter.loop 4"
    "iter.loop 5"
  "child_1.1.1"
    "iter.loop 01"
    "iter.loop 02"
    "iter.loop 03"
    "iter.loop 04"
    "iter.loop 05"
    "iter.loop 06"
    "iter.loop 07"
    "iter.loop 08"
    "iter.loop 09"
    "iter.loop 10"
  "child_1.1.1.0"
    "iter.loop 1"
    "iter.loop 2"
    "iter.loop 3"
    "iter.loop 4"
    "iter.loop 5"
  "child_1.1.1.1"
    "iter.loop 1"
    "iter.loop 2"
    "iter.loop 3"
    "iter.loop 4"
    "iter.loop 5"
  "child_1.2.0"
    "iter.loop 01"
    "iter.loop 02"
    "iter.loop 03"
    "iter.loop 04"
    "iter.loop 05"
    "iter.loop 06"
    "iter.loop 07"
    "iter.loop 08"
    "iter.loop 09"
    "iter.loop 10"
  "child_1.2.0.0"
    "iter.loop 1"
    "iter.loop 2"
    "iter.loop 3"
    "iter.loop 4"
    "iter.loop 5"
  "child_1.2.0.1"
    "iter.loop 1"
    "iter.loop 2"
    "iter.loop 3"
    "iter.loop 4"
    "iter.loop 5"
  "child_1.2.1"
    "iter.loop 01"
    "iter.loop 02"
    "iter.loop 03"
    "iter.loop 04"
    "iter.loop 05"
    "iter.loop 06"
    "iter.loop 07"
    "iter.loop 08"
    "iter.loop 09"
    "iter.loop 10"
  "child_1.2.1.0"
    "iter.loop 1"
    "iter.loop 2"
    "iter.loop 3"
    "iter.loop 4"
    "iter.loop 5"
  "child_1.2.1.1"
    "iter.loop 1"
    "iter.loop 2"
    "iter.loop 3"
    "iter.loop 4"
    "iter.loop 5"
  "child_1.3.0"
    "iter.loop 01"
    "iter.loop 02"
    "iter.loop 03"
    "iter.loop 04"
    "iter.loop 05"
    "iter.loop 06"
    "iter.loop 07"
    "iter.loop 08"
    "iter.loop 09"
    "iter.loop 10"
  "child_1.3.0.0"
    "iter.loop 1"
    "iter.loop 2"
    "iter.loop 3"
    "iter.loop 4"
    "iter.loop 5"
  "child_1.3.0.1"
    "iter.loop 1"
    "iter.loop 2"
    "iter.loop 3"
    "iter.loop 4"
    "iter.loop 5"
  "child_1.3.1"
    "iter.loop 01"
    "iter.loop 02"
    "iter.loop 03"
    "iter.loop 04"
    "iter.loop 05"
    "iter.loop 06"
    "iter.loop 07"
    "iter.loop 08"
    "iter.loop 09"
    "iter.loop 10"
  "child_1.3.1.0"
    "iter.loop 1"
    "iter.loop 2"
    "iter.loop 3"
    "iter.loop 4"
    "iter.loop 5"
  "child_1.3.1.1"
    "iter.loop 1"
    "iter.loop 2"
    "iter.loop 3"
    "iter.loop 4"
    "iter.loop 5"
  "child_1.4.0"
    "iter.loop 01"
    "iter.loop 02"
    "iter.loop 03"
    "iter.loop 04"
    "iter.loop 05"
    "iter.loop 06"
    "iter.loop 07"
    "iter.loop 08"
    "iter.loop 09"
    "iter.loop 10"
  "child_1.4.0.0"
    "iter.loop 1"
    "iter.loop 2"
    "iter.loop 3"
    "iter.loop 4"
    "iter.loop 5"
  "child_1.4.0.1"
    "iter.loop 1"
    "iter.loop 2"
    "iter.loop 3"
    "iter.loop 4"
    "iter.loop 5"
  "child_1.4.1"
    "iter.loop 01"
    "iter.loop 02"
    "iter.loop 03"
    "iter.loop 04"
    "iter.loop 05"
    "iter.loop 06"
    "iter.loop 07"
    "iter.loop 08"
    "iter.loop 09"
    "iter.loop 10"
  "child_1.4.1.0"
    "iter.loop 1"
    "iter.loop 2"
    "iter.loop 3"
    "iter.loop 4"
    "iter.loop 5"
  "child_1.4.1.1"
    "iter.loop 1"
    "iter.loop 2"
    "iter.loop 3"
    "iter.loop 4"
    "iter.loop 5"
  "child_2.0.0"
    "iter.loop 01"
    "iter.loop 02"
    "iter.loop 03"
    "iter.loop 04"
    "iter.loop 05"
    "iter.loop 06"
    "iter.loop 07"
    "iter.loop 08"
    "iter.loop 09"
    "iter.loop 10"
  "child_2.0.0.0"
    "iter.loop 1"
    "iter.loop 2"
    "iter.loop 3"
    "iter.loop 4"
    "iter.loop 5"
  "child_2.0.0.1"
    "iter.loop 1"
    "iter.loop 2"
    "iter.loop 3"
    "iter.loop 4"
    "iter.loop 5"
  "child_2.0.1"
    "iter.loop 01"
    "iter.loop 02"
    "iter.loop 03"
    "iter.loop 04"
    "iter.loop 05"
    "iter.loop 06"
    "iter.loop 07"
    "iter.loop 08"
    "iter.loop 09"
    "iter.loop 10"
  "child_2.0.1.0"
    "iter.loop 1"
    "iter.loop 2"
    "iter.loop 3"
    "iter.loop 4"
    "iter.loop 5"
  "child_2.0.1.1"
    "iter.loop 1"
    "iter.loop 2"
    "iter.loop 3"
    "iter.loop 4"
    "iter.loop 5"
  "child_2.1.0"
    "iter.loop 01"
    "iter.loop 02"
    "iter.loop 03"
    "iter.loop 04"
    "iter.loop 05"
    "iter.loop 06"
    "iter.loop 07"
    "iter.loop 08"
    "iter.loop 09"
    "iter.loop 10"
  "child_2.1.0.0"
    "iter.loop 1"
    "iter.loop 2"
    "iter.loop 3"
    "iter.loop 4"
    "iter.loop 5"
  "child_2.1.0.1"
    "iter.loop 1"
    "iter.loop 2"
    "iter.loop 3"
    "iter.loop 4"
    "iter.loop 5"
  "child_2.1.1"
    "iter.loop 01"
    "iter.loop 02"
    "iter.loop 03"
    "iter.loop 04"
    "iter.loop 05"
    "iter.loop 06"
    "iter.loop 07"
    "iter.loop 08"
    "iter.loop 09"
    "iter.loop 10"
  "child_2.1.1.0"
    "iter.loop 1"
    "iter.loop 2"
    "iter.loop 3"
    "iter.loop 4"
    "iter.loop 5"
  "child_2.1.1.1"
    "iter.loop 1"
    "iter.loop 2"
    "iter.loop 3"
    "iter.loop 4"
    "iter.loop 5"
  "child_2.2.0"
    "iter.loop 01"
    "iter.loop 02"
    "iter.loop 03"
    "iter.loop 04"
    "iter.loop 05"
    "iter.loop 06"
    "iter.loop 07"
    "iter.loop 08"
    "iter.loop 09"
    "iter.loop 10"
  "child_2.2.0.0"
    "iter.loop 1"
    "iter.loop 2"
    "iter.loop 3"
    "iter.loop 4"
    "iter.loop 5"
  "child_2.2.0.1"
    "iter.loop 1"
    "iter.loop 2"
    "iter.loop 3"
    "iter.loop 4"
    "iter.loop 5"
  "child_2.2.1"
    "iter.loop 01"
    "iter.loop 02"
    "iter.loop 03"
    "iter.loop 04"
    "iter.loop 05"
    "iter.loop 06"
    "iter.loop 07"
    "iter.loop 08"
    "iter.loop 09"
    "iter.loop 10"
  "child_2.2.1.0"
    "iter.loop 1"
    "iter.loop 2"
    "iter.loop 3"
    "iter.loop 4"
    "iter.loop 5"
  "child_2.2.1.1"
    "iter.loop 1"
    "iter.loop 2"
    "iter.loop 3"
    "iter.loop 4"
    "iter.loop 5"
  "child_2.3.0"
    "iter.loop 01"
    "iter.loop 02"
    "iter.loop 03"
    "iter.loop 04"
    "iter.loop 05"
    "iter.loop 06"
    "iter.loop 07"
    "iter.loop 08"
    "iter.loop 09"
    "iter.loop 10"
  "child_2.3.0.0"
    "iter.loop 1"
    "iter.loop 2"
    "iter.loop 3"
    "iter.loop 4"
    "iter.loop 5"
  "child_2.3.0.1"
    "iter.loop 1"
    "iter.loop 2"
    "iter.loop 3"
    "iter.loop 4"
    "iter.loop 5"
  "child_2.3.1"
    "iter.loop 01"
    "iter.loop 02"
    "iter.loop 03"
    "iter.loop 04"
    "iter.loop 05"
    "iter.loop 06"
    "iter.loop 07"
    "iter.loop 08"
    "iter.loop 09"
    "iter.loop 10"
  "child_2.3.1.0"
    "iter.loop 1"
    "iter.loop 2"
    "iter.loop 3"
    "iter.loop 4"
    "iter.loop 5"
  "child_2.3.1.1"
    "iter.loop 1"
    "iter.loop 2"
    "iter.loop 3"
    "iter.loop 4"
    "iter.loop 5"
  "child_2.4.0"
    "iter.loop 01"
    "iter.loop 02"
    "iter.loop 03"
    "iter.loop 04"
    "iter.loop 05"
    "iter.loop 06"
    "iter.loop 07"
    "iter.loop 08"
    "iter.loop 09"
    "iter.loop 10"
  "child_2.4.0.0"
    "iter.loop 1"
    "iter.loop 2"
    "iter.loop 3"
    "iter.loop 4"
    "iter.loop 5"
  "child_2.4.0.1"
    "iter.loop 1"
    "iter.loop 2"
    "iter.loop 3"
    "iter.loop 4"
    "iter.loop 5"
  "child_2.4.1"
    "iter.loop 01"
    "iter.loop 02"
    "iter.loop 03"
    "iter.loop 04"
    "iter.loop 05"
    "iter.loop 06"
    "iter.loop 07"
    "iter.loop 08"
    "iter.loop 09"
    "iter.loop 10"
  "child_2.4.1.0"
    "iter.loop 1"
    "iter.loop 2"
    "iter.loop 3"
    "iter.loop 4"
    "iter.loop 5"
  "child_2.4.1.1"
    "iter.loop 1"
    "iter.loop 2"
    "iter.loop 3"
    "iter.loop 4"
    "iter.loop 5"
  "child_3.0.0"
    "iter.loop 01"
    "iter.loop 02"
    "iter.loop 03"
    "iter.loop 04"
    "iter.loop 05"
    "iter.loop 06"
    "iter.loop 07"
    "iter.loop 08"
    "iter.loop 09"
    "iter.loop 10"
  "child_3.0.0.0"
    "iter.loop 1"
    "iter.loop 2"
    "iter.loop 3"
    "iter.loop 4"
    "iter.loop 5"
  "child_3.0.0.1"
    "iter.loop 1"
    "iter.loop 2"
    "iter.loop 3"
    "iter.loop 4"
    "iter.loop 5"
  "child_3.0.1"
    "iter.loop 01"
    "iter.loop 02"
    "iter.loop 03"
    "iter.loop 04"
    "iter.loop 05"
    "iter.loop 06"
    "iter.loop 07"
    "iter.loop 08"
    "iter.loop 09"
    "iter.loop 10"
  "child_3.0.1.0"
    "iter.loop 1"
    "iter.loop 2"
    "iter.loop 3"
    "iter.loop 4"
    "iter.loop 5"
  "child_3.0.1.1"
    "iter.loop 1"
    "iter.loop 2"
    "iter.loop 3"
    "iter.loop 4"
    "iter.loop 5"
  "child_3.1.0"
    "iter.loop 01"
    "iter.loop 02"
    "iter.loop 03"
    "iter.loop 04"
    "iter.loop 05"
    "iter.loop 06"
    "iter.loop 07"
    "iter.loop 08"
    "iter.loop 09"
    "iter.loop 10"
  "child_3.1.0.0"
    "iter.loop 1"
    "iter.loop 2"
    "iter.loop 3"
    "iter.loop 4"
    "iter.loop 5"
  "child_3.1.0.1"
    "iter.loop 1"
    "iter.loop 2"
    "iter.loop 3"
    "iter.loop 4"
    "iter.loop 5"
  "child_3.1.1"
    "iter.loop 01"
    "iter.loop 02"
    "iter.loop 03"
    "iter.loop 04"
    "iter.loop 05"
    "iter.loop 06"
    "iter.loop 07"
    "iter.loop 08"
    "iter.loop 09"
    "iter.loop 10"
  "child_3.1.1.0"
    "iter.loop 1"
    "iter.loop 2"
    "iter.loop 3"
    "iter.loop 4"
    "iter.loop 5"
  "child_3.1.1.1"
    "iter.loop 1"
    "iter.loop 2"
    "iter.loop 3"
    "iter.loop 4"
    "iter.loop 5"
  "child_3.2.0"
    "iter.loop 01"
    "iter.loop 02"
    "iter.loop 03"
    "iter.loop 04"
    "iter.loop 05"
    "iter.loop 06"
    "iter.loop 07"
    "iter.loop 08"
    "iter.loop 09"
    "iter.loop 10"
  "child_3.2.0.0"
    "iter.loop 1"
    "iter.loop 2"
    "iter.loop 3"
    "iter.loop 4"
    "iter.loop 5"
  "child_3.2.0.1"
    "iter.loop 1"
    "iter.loop 2"
    "iter.loop 3"
    "iter.loop 4"
    "iter.loop 5"
  "child_3.2.1"
    "iter.loop 01"
    "iter.loop 02"
    "iter.loop 03"
    "iter.loop 04"
    "iter.loop 05"
    "iter.loop 06"
    "iter.loop 07"
    "iter.loop 08"
    "iter.loop 09"
    "iter.loop 10"
  "child_3.2.1.0"
    "iter.loop 1"
    "iter.loop 2"
    "iter.loop 3"
    "iter.loop 4"
    "iter.loop 5"
  "child_3.2.1.1"
    "iter.loop 1"
    "iter.loop 2"
    "iter.loop 3"
    "iter.loop 4"
    "iter.loop 5"
  "child_3.3.0"
    "iter.loop 01"
    "iter.loop 02"
    "iter.loop 03"
    "iter.loop 04"
    "iter.loop 05"
    "iter.loop 06"
    "iter.loop 07"
    "iter.loop 08"
    "iter.loop 09"
    "iter.loop 10"
  "child_3.3.0.0"
    "iter.loop 1"
    "iter.loop 2"
    "iter.loop 3"
    "iter.loop 4"
    "iter.loop 5"
  "child_3.3.0.1"
    "iter.loop 1"
    "iter.loop 2"
    "iter.loop 3"
    "iter.loop 4"
    "iter.loop 5"
  "child_3.3.1"
    "iter.loop 01"
    "iter.loop 02"
    "iter.loop 03"
    "iter.loop 04"
    "iter.loop 05"
    "iter.loop 06"
    "iter.loop 07"
    "iter.loop 08"
    "iter.loop 09"
    "iter.loop 10"
  "child_3.3.1.0"
    "iter.loop 1"
    "iter.loop 2"
    "iter.loop 3"
    "iter.loop 4"
    "iter.loop 5"
  "child_3.3.1.1"
    "iter.loop 1"
    "iter.loop 2"
    "iter.loop 3"
    "iter.loop 4"
    "iter.loop 5"
  "child_3.4.0"
    "iter.loop 01"
    "iter.loop 02"
    "iter.loop 03"
    "iter.loop 04"
    "iter.loop 05"
    "iter.loop 06"
    "iter.loop 07"
    "iter.loop 08"
    "iter.loop 09"
    "iter.loop 10"
  "child_3.4.0.0"
    "iter.loop 1"
    "iter.loop 2"
    "iter.loop 3"
    "iter.loop 4"
    "iter.loop 5"
  "child_3.4.0.1"
    "iter.loop 1"
    "iter.loop 2"
    "iter.loop 3"
    "iter.loop 4"
    "iter.loop 5"
  "child_3.4.1"
    "iter.loop 01"
    "iter.loop 02"
    "iter.loop 03"
    "iter.loop 04"
    "iter.loop 05"
    "iter.loop 06"
    "iter.loop 07"
    "iter.loop 08"
    "iter.loop 09"
    "iter.loop 10"
  "child_3.4.1.0"
    "iter.loop 1"
    "iter.loop 2"
    "iter.loop 3"
    "iter.loop 4"
    "iter.loop 5"
  "child_3.4.1.1"
    "iter.loop 1"
    "iter.loop 2"
    "iter.loop 3"
    "iter.loop 4"
    "iter.loop 5"
  "child_4.0.0"
    "iter.loop 01"
    "iter.loop 02"
    "iter.loop 03"
    "iter.loop 04"
    "iter.loop 05"
    "iter.loop 06"
    "iter.loop 07"
    "iter.loop 08"
    "iter.loop 09"
    "iter.loop 10"
  "child_4.0.0.0"
    "iter.loop 1"
    "iter.loop 2"
    "iter.loop 3"
    "iter.loop 4"
    "iter.loop 5"
  "child_4.0.0.1"
    "iter.loop 1"
    "iter.loop 2"
    "iter.loop 3"
    "iter.loop 4"
    "iter.loop 5"
  "child_4.0.1"
    "iter.loop 01"
    "iter.loop 02"
    "iter.loop 03"
    "iter.loop 04"
    "iter.loop 05"
    "iter.loop 06"
    "iter.loop 07"
    "iter.loop 08"
    "iter.loop 09"
    "iter.loop 10"
  "child_4.0.1.0"
    "iter.loop 1"
    "iter.loop 2"
    "iter.loop 3"
    "iter.loop 4"
    "iter.loop 5"
  "child_4.0.1.1"
    "iter.loop 1"
    "iter.loop 2"
    "iter.loop 3"
    "iter.loop 4"
    "iter.loop 5"
  "child_4.1.0"
    "iter.loop 01"
    "iter.loop 02"
    "iter.loop 03"
    "iter.loop 04"
    "iter.loop 05"
    "iter.loop 06"
    "iter.loop 07"
    "iter.loop 08"
    "iter.loop 09"
    "iter.loop 10"
  "child_4.1.0.0"
    "iter.loop 1"
    "iter.loop 2"
    "iter.loop 3"
    "iter.loop 4"
    "iter.loop 5"
  "child_4.1.0.1"
    "iter.loop 1"
    "iter.loop 2"
    "iter.loop 3"
    "iter.loop 4"
    "iter.loop 5"
  "child_4.1.1"
    "iter.loop 01"
    "iter.loop 02"
    "iter.loop 03"
    "iter.loop 04"
    "iter.loop 05"
    "iter.loop 06"
    "iter.loop 07"
    "iter.loop 08"
    "iter.loop 09"
    "iter.loop 10"
  "child_4.1.1.0"
    "iter.loop 1"
    "iter.loop 2"
    "iter.loop 3"
    "iter.loop 4"
    "iter.loop 5"
  "child_4.1.1.1"
    "iter.loop 1"
    "iter.loop 2"
    "iter.loop 3"
    "iter.loop 4"
    "iter.loop 5"
  "child_4.2.0"
    "iter.loop 01"
    "iter.loop 02"
    "iter.loop 03"
    "iter.loop 04"
    "iter.loop 05"
    "iter.loop 06"
    "iter.loop 07"
    "iter.loop 08"
    "iter.loop 09"
    "iter.loop 10"
  "child_4.2.0.0"
    "iter.loop 1"
    "iter.loop 2"
    "iter.loop 3"
    "iter.loop 4"
    "iter.loop 5"
  "child_4.2.0.1"
    "iter.loop 1"
    "iter.loop 2"
    "iter.loop 3"
    "iter.loop 4"
    "iter.loop 5"
  "child_4.2.1"
    "iter.loop 01"
    "iter.loop 02"
    "iter.loop 03"
    "iter.loop 04"
    "iter.loop 05"
    "iter.loop 06"
    "iter.loop 07"
    "iter.loop 08"
    "iter.loop 09"
    "iter.loop 10"
  "child_4.2.1.0"
    "iter.loop 1"
    "iter.loop 2"
    "iter.loop 3"
    "iter.loop 4"
    "iter.loop 5"
  "child_4.2.1.1"
    "iter.loop 1"
    "iter.loop 2"
    "iter.loop 3"
    "iter.loop 4"
    "iter.loop 5"
  "child_4.3.0"
    "iter.loop 01"
    "iter.loop 02"
    "iter.loop 03"
    "iter.loop 04"
    "iter.loop 05"
    "iter.loop 06"
    "iter.loop 07"
    "iter.loop 08"
    "iter.loop 09"
    "iter.loop 10"
  "child_4.3.0.0"
    "iter.loop 1"
    "iter.loop 2"
    "iter.loop 3"
    "iter.loop 4"
    "iter.loop 5"
  "child_4.3.0.1"
    "iter.loop 1"
    "iter.loop 2"
    "iter.loop 3"
    "iter.loop 4"
    "iter.loop 5"
  "child_4.3.1"
    "iter.loop 01"
    "iter.loop 02"
    "iter.loop 03"
    "iter.loop 04"
    "iter.loop 05"
    "iter.loop 06"
    "iter.loop 07"
    "iter.loop 08"
    "iter.loop 09"
    "iter.loop 10"
  "child_4.3.1.0"
    "iter.loop 1"
    "iter.loop 2"
    "iter.loop 3"
    "iter.loop 4"
    "iter.loop 5"
  "child_4.3.1.1"
    "iter.loop 1"
    "iter.loop 2"
    "iter.loop 3"
    "iter.loop 4"
    "iter.loop 5"
  "child_4.4.0"
    "iter.loop 01"
    "iter.loop 02"
    "iter.loop 03"
    "iter.loop 04"
    "iter.loop 05"
    "iter.loop 06"
    "iter.loop 07"
    "iter.loop 08"
    "iter.loop 09"
    "iter.loop 10"
  "child_4.4.0.0"
    "iter.loop 1"
    "iter.loop 2"
    "iter.loop 3"
    "iter.loop 4"
    "iter.loop 5"
  "child_4.4.0.1"
    "iter.loop 1"
    "iter.loop 2"
    "iter.loop 3"
    "iter.loop 4"
    "iter.loop 5"
  "child_4.4.1"
    "iter.loop 01"
    "iter.loop 02"
    "iter.loop 03"
    "iter.loop 04"
    "iter.loop 05"
    "iter.loop 06"
    "iter.loop 07"
    "iter.loop 08"
    "iter.loop 09"
    "iter.loop 10"
  "child_4.4.1.0"
    "iter.loop 1"
    "iter.loop 2"
    "iter.loop 3"
    "iter.loop 4"
    "iter.loop 5"
  "child_4.4.1.1"
    "iter.loop 1"
    "iter.loop 2"
    "iter.loop 3"
    "iter.loop 4"
    "iter.loop 5"
  "child_5.0.0"
    "iter.loop 01"
    "iter.loop 02"
    "iter.loop 03"
    "iter.loop 04"
    "iter.loop 05"
    "iter.loop 06"
    "iter.loop 07"
    "iter.loop 08"
    "iter.loop 09"
    "iter.loop 10"
  "child_5.0.0.0"
    "iter.loop 1"
    "iter.loop 2"
    "iter.loop 3"
    "iter.loop 4"
    "iter.loop 5"
  "child_5.0.0.1"
    "iter.loop 1"
    "iter.loop 2"
    "iter.loop 3"
    "iter.loop 4"
    "iter.loop 5"
  "child_5.0.1"
    "iter.loop 01"
    "iter.loop 02"
    "iter.loop 03"
    "iter.loop 04"
    "iter.loop 05"
    "iter.loop 06"
    "iter.loop 07"
    "iter.loop 08"
    "iter.loop 09"
    "iter.loop 10"
  "child_5.0.1.0"
    "iter.loop 1"
    "iter.loop 2"
    "iter.loop 3"
    "iter.loop 4"
    "iter.loop 5"
  "child_5.0.1.1"
    "iter.loop 1"
    "iter.loop 2"
    "iter.loop 3"
    "iter.loop 4"
    "iter.loop 5"
  "child_5.1.0"
    "iter.loop 01"
    "iter.loop 02"
    "iter.loop 03"
    "iter.loop 04"
    "iter.loop 05"
    "iter.loop 06"
    "iter.loop 07"
    "iter.loop 08"
    "iter.loop 09"
    "iter.loop 10"
  "child_5.1.0.0"
    "iter.loop 1"
    "iter.loop 2"
    "iter.loop 3"
    "iter.loop 4"
    "iter.loop 5"
  "child_5.1.0.1"
    "iter.loop 1"
    "iter.loop 2"
    "iter.loop 3"
    "iter.loop 4"
    "iter.loop 5"
  "child_5.1.1"
    "iter.loop 01"
    "iter.loop 02"
    "iter.loop 03"
    "iter.loop 04"
    "iter.loop 05"
    "iter.loop 06"
    "iter.loop 07"
    "iter.loop 08"
    "iter.loop 09"
    "iter.loop 10"
  "child_5.1.1.0"
    "iter.loop 1"
    "iter.loop 2"
    "iter.loop 3"
    "iter.loop 4"
    "iter.loop 5"
  "child_5.1.1.1"
    "iter.loop 1"
    "iter.loop 2"
    "iter.loop 3"
    "iter.loop 4"
    "iter.loop 5"
  "child_5.2.0"
    "iter.loop 01"
    "iter.loop 02"
    "iter.loop 03"
    "iter.loop 04"
    "iter.loop 05"
    "iter.loop 06"
    "iter.loop 07"
    "iter.loop 08"
    "iter.loop 09"
    "iter.loop 10"
  "child_5.2.0.0"
    "iter.loop 1"
    "iter.loop 2"
    "iter.loop 3"
    "iter.loop 4"
    "iter.loop 5"
  "child_5.2.0.1"
    "iter.loop 1"
    "iter.loop 2"
    "iter.loop 3"
    "iter.loop 4"
    "iter.loop 5"
  "child_5.2.1"
    "iter.loop 01"
    "iter.loop 02"
    "iter.loop 03"
    "iter.loop 04"
    "iter.loop 05"
    "iter.loop 06"
    "iter.loop 07"
    "iter.loop 08"
    "iter.loop 09"
    "iter.loop 10"
  "child_5.2.1.0"
    "iter.loop 1"
    "iter.loop 2"
    "iter.loop 3"
    "iter.loop 4"
    "iter.loop 5"
  "child_5.2.1.1"
    "iter.loop 1"
    "iter.loop 2"
    "iter.loop 3"
    "iter.loop 4"
    "iter.loop 5"
  "child_5.3.0"
    "iter.loop 01"
    "iter.loop 02"
    "iter.loop 03"
    "iter.loop 04"
    "iter.loop 05"
    "iter.loop 06"
    "iter.loop 07"
    "iter.loop 08"
    "iter.loop 09"
    "iter.loop 10"
  "child_5.3.0.0"
    "iter.loop 1"
    "iter.loop 2"
    "iter.loop 3"
    "iter.loop 4"
    "iter.loop 5"
  "child_5.3.0.1"
    "iter.loop 1"
    "iter.loop 2"
    "iter.loop 3"
    "iter.loop 4"
    "iter.loop 5"
  "child_5.3.1"
    "iter.loop 01"
    "iter.loop 02"
    "iter.loop 03"
    "iter.loop 04"
    "iter.loop 05"
    "iter.loop 06"
    "iter.loop 07"
    "iter.loop 08"
    "iter.loop 09"
    "iter.loop 10"
  "child_5.3.1.0"
    "iter.loop 1"
    "iter.loop 2"
    "iter.loop 3"
    "iter.loop 4"
    "iter.loop 5"
  "child_5.3.1.1"
    "iter.loop 1"
    "iter.loop 2"
    "iter.loop 3"
    "iter.loop 4"
    "iter.loop 5"
  "child_5.4.0"
    "iter.loop 01"
    "iter.loop 02"
    "iter.loop 03"
    "iter.loop 04"
    "iter.loop 05"
    "iter.loop 06"
    "iter.loop 07"
    "iter.loop 08"
    "iter.loop 09"
    "iter.loop 10"
  "child_5.4.0.0"
    "iter.loop 1"
    "iter.loop 2"
    "iter.loop 3"
    "iter.loop 4"
    "iter.loop 5"
  "child_5.4.0.1"
    "iter.loop 1"
    "iter.loop 2"
    "iter.loop 3"
    "iter.loop 4"
    "iter.loop 5"
  "child_5.4.1"
    "iter.loop 01"
    "iter.loop 02"
    "iter.loop 03"
    "iter.loop 04"
    "iter.loop 05"
    "iter.loop 06"
    "iter.loop 07"
    "iter.loop 08"
    "iter.loop 09"
    "iter.loop 10"
  "child_5.4.1.0"
    "iter.loop 1"
    "iter.loop 2"
    "iter.loop 3"
    "iter.loop 4"
    "iter.loop 5"
  "child_5.4.1.1"
    "iter.loop 1"
    "iter.loop 2"
    "iter.loop 3"
    "iter.loop 4"
    "iter.loop 5"
  "child_6.0.0"
    "iter.loop 01"
    "iter.loop 02"
    "iter.loop 03"
    "iter.loop 04"
    "iter.loop 05"
    "iter.loop 06"
    "iter.loop 07"
    "iter.loop 08"
    "iter.loop 09"
    "iter.loop 10"
  "child_6.0.0.0"
    "iter.loop 1"
    "iter.loop 2"
    "iter.loop 3"
    "iter.loop 4"
    "iter.loop 5"
  "child_6.0.0.1"
    "iter.loop 1"
    "iter.loop 2"
    "iter.loop 3"
    "iter.loop 4"
    "iter.loop 5"
  "child_6.0.1"
    "iter.loop 01"
    "iter.loop 02"
    "iter.loop 03"
    "iter.loop 04"
    "iter.loop 05"
    "iter.loop 06"
    "iter.loop 07"
    "iter.loop 08"
    "iter.loop 09"
    "iter.loop 10"
  "child_6.0.1.0"
    "iter.loop 1"
    "iter.loop 2"
    "iter.loop 3"
    "iter.loop 4"
    "iter.loop 5"
  "child_6.0.1.1"
    "iter.loop 1"
    "iter.loop 2"
    "iter.loop 3"
    "iter.loop 4"
    "iter.loop 5"
  "child_6.1.0"
    "iter.loop 01"
    "iter.loop 02"
    "iter.loop 03"
    "iter.loop 04"
    "iter.loop 05"
    "iter.loop 06"
    "iter.loop 07"
    "iter.loop 08"
    "iter.loop 09"
    "iter.loop 10"
  "child_6.1.0.0"
    "iter.loop 1"
    "iter.loop 2"
    "iter.loop 3"
    "iter.loop 4"
    "iter.loop 5"
  "child_6.1.0.1"
    "iter.loop 1"
    "iter.loop 2"
    "iter.loop 3"
    "iter.loop 4"
    "iter.loop 5"
  "child_6.1.1"
    "iter.loop 01"
    "iter.loop 02"
    "iter.loop 03"
    "iter.loop 04"
    "iter.loop 05"
    "iter.loop 06"
    "iter.loop 07"
    "iter.loop 08"
    "iter.loop 09"
    "iter.loop 10"
  "child_6.1.1.0"
    "iter.loop 1"
    "iter.loop 2"
    "iter.loop 3"
    "iter.loop 4"
    "iter.loop 5"
  "child_6.1.1.1"
    "iter.loop 1"
    "iter.loop 2"
    "iter.loop 3"
    "iter.loop 4"
    "iter.loop 5"
  "child_6.2.0"
    "iter.loop 01"
    "iter.loop 02"
    "iter.loop 03"
    "iter.loop 04"
    "iter.loop 05"
    "iter.loop 06"
    "iter.loop 07"
    "iter.loop 08"
    "iter.loop 09"
    "iter.loop 10"
  "child_6.2.0.0"
    "iter.loop 1"
    "iter.loop 2"
    "iter.loop 3"
    "iter.loop 4"
    "iter.loop 5"
  "child_6.2.0.1"
    "iter.loop 1"
    "iter.loop 2"
    "iter.loop 3"
    "iter.loop 4"
    "iter.loop 5"
  "child_6.2.1"
    "iter.loop 01"
    "iter.loop 02"
    "iter.loop 03"
    "iter.loop 04"
    "iter.loop 05"
    "iter.loop 06"
    "iter.loop 07"
    "iter.loop 08"
    "iter.loop 09"
    "iter.loop 10"
  "child_6.2.1.0"
    "iter.loop 1"
    "iter.loop 2"
    "iter.loop 3"
    "iter.loop 4"
    "iter.loop 5"
  "child_6.2.1.1"
    "iter.loop 1"
    "iter.loop 2"
    "iter.loop 3"
    "iter.loop 4"
    "iter.loop 5"
  "child_6.3.0"
    "iter.loop 01"
    "iter.loop 02"
    "iter.loop 03"
    "iter.loop 04"
    "iter.loop 05"
    "iter.loop 06"
    "iter.loop 07"
    "iter.loop 08"
    "iter.loop 09"
    "iter.loop 10"
  "child_6.3.0.0"
    "iter.loop 1"
    "iter.loop 2"
    "iter.loop 3"
    "iter.loop 4"
    "iter.loop 5"
  "child_6.3.0.1"
    "iter.loop 1"
    "iter.loop 2"
    "iter.loop 3"
    "iter.loop 4"
    "iter.loop 5"
  "child_6.3.1"
    "iter.loop 01"
    "iter.loop 02"
    "iter.loop 03"
    "iter.loop 04"
    "iter.loop 05"
    "iter.loop 06"
    "iter.loop 07"
    "iter.loop 08"
    "iter.loop 09"
    "iter.loop 10"
  "child_6.3.1.0"
    "iter.loop 1"
    "iter.loop 2"
    "iter.loop 3"
    "iter.loop 4"
    "iter.loop 5"
  "child_6.3.1.1"
    "iter.loop 1"
    "iter.loop 2"
    "iter.loop 3"
    "iter.loop 4"
    "iter.loop 5"
  "child_6.4.0"
    "iter.loop 01"
    "iter.loop 02"
    "iter.loop 03"
    "iter.loop 04"
    "iter.loop 05"
    "iter.loop 06"
    "iter.loop 07"
    "iter.loop 08"
    "iter.loop 09"
    "iter.loop 10"
  "child_6.4.0.0"
    "iter.loop 1"
    "iter.loop 2"
    "iter.loop 3"
    "iter.loop 4"
    "iter.loop 5"
  "child_6.4.0.1"
    "iter.loop 1"
    "iter.loop 2"
    "iter.loop 3"
    "iter.loop 4"
    "iter.loop 5"
  "child_6.4.1"
    "iter.loop 01"
    "iter.loop 02"
    "iter.loop 03"
    "iter.loop 04"
    "iter.loop 05"
    "iter.loop 06"
    "iter.loop 07"
    "iter.loop 08"
    "iter.loop 09"
    "iter.loop 10"
  "child_6.4.1.0"
    "iter.loop 1"
    "iter.loop 2"
    "iter.loop 3"
    "iter.loop 4"
    "iter.loop 5"
  "child_6.4.1.1"
    "iter.loop 1"
    "iter.loop 2"
    "iter.loop 3"
    "iter.loop 4"
    "iter.loop 5"
  "child_7.0.0"
    "iter.loop 01"
    "iter.loop 02"
    "iter.loop 03"
    "iter.loop 04"
    "iter.loop 05"
    "iter.loop 06"
    "iter.loop 07"
    "iter.loop 08"
    "iter.loop 09"
    "iter.loop 10"
  "child_7.0.0.0"
    "iter.loop 1"
    "iter.loop 2"
    "iter.loop 3"
    "iter.loop 4"
    "iter.loop 5"
  "child_7.0.0.1"
    "iter.loop 1"
    "iter.loop 2"
    "iter.loop 3"
    "iter.loop 4"
    "iter.loop 5"
  "child_7.0.1"
    "iter.loop 01"
    "iter.loop 02"
    "iter.loop 03"
    "iter.loop 04"
    "iter.loop 05"
    "iter.loop 06"
    "iter.loop 07"
    "iter.loop 08"
    "iter.loop 09"
    "iter.loop 10"
  "child_7.0.1.0"
    "iter.loop 1"
    "iter.loop 2"
    "iter.loop 3"
    "iter.loop 4"
    "iter.loop 5"
  "child_7.0.1.1"
    "iter.loop 1"
    "iter.loop 2"
    "iter.loop 3"
    "iter.loop 4"
    "iter.loop 5"
  "child_7.1.0"
    "iter.loop 01"
    "iter.loop 02"
    "iter.loop 03"
    "iter.loop 04"
    "iter.loop 05"
    "iter.loop 06"
    "iter.loop 07"
    "iter.loop 08"
    "iter.loop 09"
    "iter.loop 10"
  "child_7.1.0.0"
    "iter.loop 1"
    "iter.loop 2"
    "iter.loop 3"
    "iter.loop 4"
    "iter.loop 5"
  "child_7.1.0.1"
    "iter.loop 1"
    "iter.loop 2"
    "iter.loop 3"
    "iter.loop 4"
    "iter.loop 5"
  "child_7.1.1"
    "iter.loop 01"
    "iter.loop 02"
    "iter.loop 03"
    "iter.loop 04"
    "iter.loop 05"
    "iter.loop 06"
    "iter.loop 07"
    "iter.loop 08"
    "iter.loop 09"
    "iter.loop 10"
  "child_7.1.1.0"
    "iter.loop 1"
    "iter.loop 2"
    "iter.loop 3"
    "iter.loop 4"
    "iter.loop 5"
  "child_7.1.1.1"
    "iter.loop 1"
    "iter.loop 2"
    "iter.loop 3"
    "iter.loop 4"
    "iter.loop 5"
  "child_7.2.0"
    "iter.loop 01"
    "iter.loop 02"
    "iter.loop 03"
    "iter.loop 04"
    "iter.loop 05"
    "iter.loop 06"
    "iter.loop 07"
    "iter.loop 08"
    "iter.loop 09"
    "iter.loop 10"
  "child_7.2.0.0"
    "iter.loop 1"
    "iter.loop 2"
    "iter.loop 3"
    "iter.loop 4"
    "iter.loop 5"
  "child_7.2.0.1"
    "iter.loop 1"
    "iter.loop 2"
    "iter.loop 3"
    "iter.loop 4"
    "iter.loop 5"
  "child_7.2.1"
    "iter.loop 01"
    "iter.loop 02"
    "iter.loop 03"
    "iter.loop 04"
    "iter.loop 05"
    "iter.loop 06"
    "iter.loop 07"
    "iter.loop 08"
    "iter.loop 09"
    "iter.loop 10"
  "child_7.2.1.0"
    "iter.loop 1"
    "iter.loop 2"
    "iter.loop 3"
    "iter.loop 4"
    "iter.loop 5"
  "child_7.2.1.1"
    "iter.loop 1"
    "iter.loop 2"
    "iter.loop 3"
    "iter.loop 4"
    "iter.loop 5"
  "child_7.3.0"
    "iter.loop 01"
    "iter.loop 02"
    "iter.loop 03"
    "iter.loop 04"
    "iter.loop 05"
    "iter.loop 06"
    "iter.loop 07"
    "iter.loop 08"
    "iter.loop 09"
    "iter.loop 10"
  "child_7.3.0.0"
    "iter.loop 1"
    "iter.loop 2"
    "iter.loop 3"
    "iter.loop 4"
    "iter.loop 5"
  "child_7.3.0.1"
    "iter.loop 1"
    "iter.loop 2"
    "iter.loop 3"
    "iter.loop 4"
    "iter.loop 5"
  "child_7.3.1"
    "iter.loop 01"
    "iter.loop 02"
    "iter.loop 03"
    "iter.loop 04"
    "iter.loop 05"
    "iter.loop 06"
    "iter.loop 07"
    "iter.loop 08"
    "iter.loop 09"
    "iter.loop 10"
  "child_7.3.1.0"
    "iter.loop 1"
    "iter.loop 2"
    "iter.loop 3"
    "iter.loop 4"
    "iter.loop 5"
  "child_7.3.1.1"
    "iter.loop 1"
    "iter.loop 2"
    "iter.loop 3"
    "iter.loop 4"
    "iter.loop 5"
  "child_7.4.0"
    "iter.loop 01"
    "iter.loop 02"
    "iter.loop 03"
    "iter.loop 04"
    "iter.loop 05"
    "iter.loop 06"
    "iter.loop 07"
    "iter.loop 08"
    "iter.loop 09"
    "iter.loop 10"
  "child_7.4.0.0"
    "iter.loop 1"
    "iter.loop 2"
    "iter.loop 3"
    "iter.loop 4"
    "iter.loop 5"
  "child_7.4.0.1"
    "iter.loop 1"
    "iter.loop 2"
    "iter.loop 3"
    "iter.loop 4"
    "iter.loop 5"
  "child_7.4.1"
    "iter.loop 01"
    "iter.loop 02"
    "iter.loop 03"
    "iter.loop 04"
    "iter.loop 05"
    "iter.loop 06"
    "iter.loop 07"
    "iter.loop 08"
    "iter.loop 09"
    "iter.loop 10"
  "child_7.4.1.0"
    "iter.loop 1"
    "iter.loop 2"
    "iter.loop 3"
    "iter.loop 4"
    "iter.loop 5"
  "child_7.4.1.1"
    "iter.loop 1"
    "iter.loop 2"
    "iter.loop 3"
    "iter.loop 4"
    "iter.loop 5"
  "top_0"
  "top_1"
  "top_2"
  "top_3"
  "top_4"
  "top_5"
  "top_6"
  "top_7"
done
